Microchip MPLAB XC8 Compiler V3.00

Linker command line:

-W-3 \
  --edf=C:\Program Files\Microchip\xc8\v3.00\pic\dat\20241204225717_en.msgs \
  -cn -h+dist/default/production\proyecto_codigo.X.production.sym \
  --cmf=dist/default/production\proyecto_codigo.X.production.cmf -z \
  -Q18F4550 -oC:\Users\HECTOR~1\AppData\Local\Temp\xcAsals.\driver_tmp_3.o \
  --defsym=__MPLAB_BUILD=1 --fixupoverflow=error \
  -Mdist/default/production/proyecto_codigo.X.production.map \
  --md=C:\Users\HECTOR~1\AppData\Local\Temp\xcAsals.\driver_tmp_0.dat -E1 \
  -ver=XC8 Compiler -ACODE=00h-07FFFh -ACONST=00h-07FFFh \
  -ASMALLCONST=0800h-08FFhx120 -AMEDIUMCONST=0800h-07FFFh -ACOMRAM=01h-05Fh \
  -AABS1=00h-07FFh -ABIGRAM=01h-07FFh -ARAM=060h-0FFh,0100h-01FFhx7 \
  -ABANK0=060h-0FFh -ABANK1=0100h-01FFh -ABANK2=0200h-02FFh \
  -ABANK3=0300h-03FFh -ABANK4=0400h-04FFh -ABANK5=0500h-05FFh \
  -ABANK6=0600h-06FFh -ABANK7=0700h-07FFh -ASFR=0F60h-0FFFh \
  -ABIGSFR=0F60h-0FFFh -ACONFIG=0300000h-030000Dh -AIDLOC=0200000h-0200007h \
  -AEEDATA=0F00000h-0F000FFh -peeprom_data=EEDATA \
  -preset_vec=00h,intcode=8h,intcodelo=18h,sivt_lo,sivt_hi=CODE \
  -ppowerup=CODE,init -pramtop=0800h -psmallconst=SMALLCONST \
  -pmediumconst=MEDIUMCONST -pconst=CONST -AFARRAM=00h-00h \
  -prdata=COMRAM,nvrram=COMRAM,nvbit=COMRAM,rbss=COMRAM,rbit=COMRAM \
  -pfarbss=FARRAM,fardata=FARRAM,nvFARRAM=FARRAM \
  -pintsave_regs=BIGRAM,bigbss=BIGRAM,bigdata=BIGRAM -pbss=RAM \
  -pidata=CODE,irdata=CODE,ibigdata=CODE,ifardata=CODE -prparam=COMRAM \
  C:\Users\HECTOR~1\AppData\Local\Temp\xcAsals.\driver_tmp_14.o \
  dist/default/production\proyecto_codigo.X.production.o 

Object code version is 3.11

Machine type is 18F4550



                Name                               Link     Load   Length Selector   Space Scale
C:\Users\HECTOR~1\AppData\Local\Temp\xcAsals.\driver_tmp_14.o
                idloc                            200000   200000        8        0       5
                config                           300000   300000        E        0       4
                init                                  E        E        4        4       0
                reset_vec                             0        0        4        0       0
dist/default/production\proyecto_codigo.X.production.o
                intcode                               8        8        6        4       0
                idloc                            200000   200000        8        0       5
                config                           300000   300000        E        0       4
                temp                                 5F       5F        1        1       1
                mediumconst                        7E5C     7E5C      1A4     3F2E       0
                intcode_body                       6EF6     6EF6       1C        4       0
                text48                             6F3E     6F3E       12        4       0
                text47                             5A0E     5A0E      196        4       0
                text46                             5DEC     5DEC      10A        4       0
                text45                             6404     6404       EA        4       0
                text44                             6EC2     6EC2       34        4       0
                text43                             6F60     6F60        2        4       0
                text42                             66BE     66BE       BA        4       0
                text41                             6DDA     6DDA       40        4       0
                text40                             6BB2     6BB2       66        4       0
                text39                             586A     586A      1A4        4       0
                text38                             48D0     48D0      390        4       0
                text37                             68D2     68D2       AA        4       0
                text36                             5FFC     5FFC      106        4       0
                text35                             40CC     40CC      426        4       0
                text34                             6E8A     6E8A       38        4       0
                text33                             3C16     3C16      4B6        4       0
                text32                             6D50     6D50       46        4       0
                text31                             5EF6     5EF6      106        4       0
                text30                             6306     6306       FE        4       0
                text29                             54A4     54A4      212        4       0
                text28                             6C18     6C18       56        4       0
                text27                             6C6E     6C6E       50        4       0
                text26                             6E52     6E52       38        4       0
                text25                             24C8     24C8      9F0        4       0
                text24                             6826     6826       AC        4       0
                text23                             6206     6206      100        4       0
                text22                             697C     697C       A4        4       0
                text21                             6AB4     6AB4       88        4       0
                text20                             5CD4     5CD4      118        4       0
                text19                             3708     3708      50E        4       0
                text18                             6D08     6D08       48        4       0
                text17                             6D96     6D96       44        4       0
                text16                             6A20     6A20       94        4       0
                text15                             4FE6     4FE6      28A        4       0
                text14                             6B3C     6B3C       76        4       0
                text13                             6102     6102      104        4       0
                text12                             6F50     6F50       10        4       0
                text11                             6E1A     6E1A       38        4       0
                text10                             65D6     65D6       E8        4       0
                text9                              56B6     56B6      1B4        4       0
                text8                              5270     5270      234        4       0
                text7                              44F2     44F2      3DE        4       0
                text6                                12       12     24B6        4       0
                text5                              2EB8     2EB8      850        4       0
                text4                              64EE     64EE       E8        4       0
                text3                              6F2A     6F2A       14        4       0
                text2                              5BA4     5BA4      130        4       0
                text1                              6778     6778       AE        4       0
                text0                              4C60     4C60      386        4       0
                cstackCOMRAM                          1        1       5D        1       1
                cstackBANK0                          60       60       90       60       1
                cstackBANK1                         100      100      100      100       1
                cstackBANK2                         200      200       FA      200       1
                cstackBANK4                         400      400       12      400       1
                dataBANK3                           3DE      3DE       18      300       1
                bssBANK3                            300      300       DE      300       1
                bssBANK2                            2FA      2FA        6      200       1
                bssCOMRAM                            5E       5E        1        1       1
                cinit                              6CBE     6CBE       4A        4       0
                idataBANK3                         6F12     6F12       18        4       0

TOTAL           Name                               Link     Load   Length     Space
        CLASS   CODE           
                intcode                               8        8        6         0
                init                                  E        E        4         0
                reset_vec                             0        0        4         0
                intcode_body                       6EF6     6EF6       1C         0
                text48                             6F3E     6F3E       12         0
                text47                             5A0E     5A0E      196         0
                text46                             5DEC     5DEC      10A         0
                text45                             6404     6404       EA         0
                text44                             6EC2     6EC2       34         0
                text43                             6F60     6F60        2         0
                text42                             66BE     66BE       BA         0
                text41                             6DDA     6DDA       40         0
                text40                             6BB2     6BB2       66         0
                text39                             586A     586A      1A4         0
                text38                             48D0     48D0      390         0
                text37                             68D2     68D2       AA         0
                text36                             5FFC     5FFC      106         0
                text35                             40CC     40CC      426         0
                text34                             6E8A     6E8A       38         0
                text33                             3C16     3C16      4B6         0
                text32                             6D50     6D50       46         0
                text31                             5EF6     5EF6      106         0
                text30                             6306     6306       FE         0
                text29                             54A4     54A4      212         0
                text28                             6C18     6C18       56         0
                text27                             6C6E     6C6E       50         0
                text26                             6E52     6E52       38         0
                text25                             24C8     24C8      9F0         0
                text24                             6826     6826       AC         0
                text23                             6206     6206      100         0
                text22                             697C     697C       A4         0
                text21                             6AB4     6AB4       88         0
                text20                             5CD4     5CD4      118         0
                text19                             3708     3708      50E         0
                text18                             6D08     6D08       48         0
                text17                             6D96     6D96       44         0
                text16                             6A20     6A20       94         0
                text15                             4FE6     4FE6      28A         0
                text14                             6B3C     6B3C       76         0
                text13                             6102     6102      104         0
                text12                             6F50     6F50       10         0
                text11                             6E1A     6E1A       38         0
                text10                             65D6     65D6       E8         0
                text9                              56B6     56B6      1B4         0
                text8                              5270     5270      234         0
                text7                              44F2     44F2      3DE         0
                text6                                12       12     24B6         0
                text5                              2EB8     2EB8      850         0
                text4                              64EE     64EE       E8         0
                text3                              6F2A     6F2A       14         0
                text2                              5BA4     5BA4      130         0
                text1                              6778     6778       AE         0
                text0                              4C60     4C60      386         0
                cinit                              6CBE     6CBE       4A         0
                idataBANK3                         6F12     6F12       18         0

        CLASS   CONST          

        CLASS   SMALLCONST     

        CLASS   MEDIUMCONST    
                mediumconst                        7E5C     7E5C      1A4         0

        CLASS   COMRAM         
                temp                                 5F       5F        1         1
                cstackCOMRAM                          1        1       5D         1
                bssCOMRAM                            5E       5E        1         1

        CLASS   ABS1           

        CLASS   BIGRAM         

        CLASS   RAM            

        CLASS   BANK0          
                cstackBANK0                          60       60       90         1

        CLASS   BANK1          
                cstackBANK1                         100      100      100         1

        CLASS   BANK2          
                cstackBANK2                         200      200       FA         1
                bssBANK2                            2FA      2FA        6         1

        CLASS   BANK3          
                dataBANK3                           3DE      3DE       18         1
                bssBANK3                            300      300       DE         1

        CLASS   BANK4          
                cstackBANK4                         400      400       12         1

        CLASS   BANK5          

        CLASS   BANK6          

        CLASS   BANK7          

        CLASS   SFR            

        CLASS   BIGSFR         

        CLASS   CONFIG         
                config                           300000   300000        E         4

        CLASS   IDLOC          
                idloc                            200000   200000        8         5

        CLASS   EEDATA         

        CLASS   FARRAM         

        CLASS   HEAP           

        CLASS   STACK          



SEGMENTS        Name                           Load    Length   Top    Selector   Space  Class

                reset_vec                      000000  000004  000004         0       0  CODE    
                cstackCOMRAM                   000001  00005F  000060         1       1  COMRAM  
                intcode                        000008  006F5A  006F62         4       0  CODE    
                cstackBANK0                    000060  000090  0000F0        60       1  BANK0   
                cstackBANK1                    000100  000100  000200       100       1  BANK1   
                cstackBANK2                    000200  000100  000300       200       1  BANK2   
                bssBANK3                       000300  0000F6  0003F6       300       1  BANK3   
                cstackBANK4                    000400  000012  000412       400       1  BANK4   
                mediumconst                    007E5C  0001A4  008000      3F2E       0  MEDIUMCO


UNUSED ADDRESS RANGES

        Name                Unused          Largest block    Delta
        BANK0            0000F0-0000FF               10
        BANK3            0003F6-0003FF                A
        BANK4            000412-0004FF               EE
        BANK5            000500-0005FF              100
        BANK6            000600-0006FF              100
        BANK7            000700-0007FF              100
        BIGRAM           0000F0-0000FF               10
                         0003F6-0003FF                A
                         000412-0007FF              3EE
        BIGSFR           000F60-000FFF               A0
        CODE             000004-000007                4
                         006F62-007E5B              EFA
        CONST            000004-000007                4
                         006F62-007E5B              EFA
        EEDATA           F00000-F000FF              100
        MEDIUMCONST      006F62-007E5B              EFA
        RAM              0000F0-0000FF               10
                         0003F6-0003FF                A
                         000412-0007FF              100
        SFR              000F60-000FFF               A0
        SMALLCONST       006F62-007E5B              100

                                  Symbol Table

?_ADC_Read                           cstackCOMRAM 000001
?_Apply_Filter                       cstackCOMRAM 000051
?___aldiv                            cstackCOMRAM 000001
?___almod                            cstackCOMRAM 000001
?___awmod                            cstackCOMRAM 000001
?___fladd                            cstackCOMRAM 000041
?___fldiv                            cstackCOMRAM 000028
?___flmul                            cstackCOMRAM 00000F
?___flneg                            cstackCOMRAM 000001
?___flsub                            cstackCOMRAM 000051
?___fltol                            cstackCOMRAM 000001
?___fpclassifyf                      cstackCOMRAM 000001
?___lldiv                            cstackCOMRAM 000001
?___llmod                            cstackCOMRAM 000001
?___xxtofl                           cstackCOMRAM 000001
?_abs                                cstackCOMRAM 00000B
?_floorf                             cstackCOMRAM 000041
?_labs                               cstackCOMRAM 000001
?_powf                               cstackBANK0  000068
?_read_prec_or_width                 cstackCOMRAM 000001
?_scalbnf                            cstackCOMRAM 000028
?_sprintf                            cstackBANK0  0000B0
?_sqrtf                              cstackCOMRAM 000001
?_vfprintf                           cstackBANK0  0000AA
ADC_Read@channel                     cstackCOMRAM 000005
Apply_Filter@i                       cstackBANK0  000064
Apply_Filter@new_value               cstackCOMRAM 000051
Apply_Filter@samples                 cstackCOMRAM 000055
Apply_Filter@sum                     cstackBANK0  000060
Handle_Commands@cmd                  cstackCOMRAM 000005
Handle_Commands@last_blink           bssBANK3     000330
Handle_Fire_Events@duration          cstackBANK0  0000E6
Handle_Fire_Events@end_data          cstackBANK2  000200
Handle_Fire_Events@start_data        cstackBANK2  000296
Handle_Fire_Events@water_used        cstackBANK0  0000EA
Handle_Shutdown_Events@prev_shutdown bssBANK3     000371
Handle_Test_Events@prev_test         bssBANK3     000372
Handle_Test_Events@test_data         cstackBANK1  0001CA
Handle_Test_Events@water_used        cstackBANK1  0001FC
Read_Sensors@Rs                      cstackBANK0  0000A7
Read_Sensors@current_pulses          cstackBANK0  0000A3
Read_Sensors@flame_adc               cstackBANK0  000097
Read_Sensors@flame_voltage           cstackBANK0  000081
Read_Sensors@last_co                 bssBANK3     00032C
Read_Sensors@last_flow_time          bssBANK3     000328
Read_Sensors@last_pulse              bssBANK3     00036C
Read_Sensors@mq2_adc                 cstackBANK0  000099
Read_Sensors@mq2_voltage             cstackBANK0  00009B
Read_Sensors@no_flow_start           bssBANK3     000324
Read_Sensors@o_flow_start_748        bssBANK3     000320
Read_Sensors@pulses_diff             cstackBANK0  0000A5
Read_Sensors@raw_co                  cstackBANK0  0000AB
Read_Sensors@raw_temp                cstackBANK0  00007D
Read_Sensors@rs_ro_ratio             cstackBANK0  00009F
Read_Sensors@temp_adc                cstackBANK0  000095
Read_Sensors@temp_factor             cstackBANK0  000085
Send_Data@buffer                     cstackBANK1  000100
Send_Data@i                          cstackBANK1  0001C8
Send_History_Event@buffer            cstackBANK1  000100
Send_History_Event@event_type        cstackBANK0  0000E0
Send_History_Event@extra_data        cstackBANK0  0000E2
Send_History_Event@i                 cstackBANK1  0001C8
Update_Actuators@last_blink          bssBANK3     00031C
_ADCON0bits                          (abs)        000FC2
_ADCON1                              (abs)        000FC1
_ADCON2                              (abs)        000FC0
_ADC_Init                            text48       006F3E
_ADC_Read                            text11       006E1A
_ADRESH                              (abs)        000FC4
_ADRESL                              (abs)        000FC3
_Apply_Filter                        text10       0065D6
_Handle_Commands                     text47       005A0E
_Handle_Fire_Events                  text15       004FE6
_Handle_Shutdown_Events              text14       006B3C
_Handle_Test_Events                  text13       006102
_HighISR                             intcode      000008
_INTCON2bits                         (abs)        000FF1
_INTCON3bits                         (abs)        000FF0
_INTCONbits                          (abs)        000FF2
_Interrupt_Init                      text12       006F50
_MQ2_Ro                              dataBANK3    0003DE
_OSCCON                              (abs)        000FD3
_PIR1bits                            (abs)        000F9E
_PORTB                               (abs)        000F81
_PORTBbits                           (abs)        000F81
_RCONbits                            (abs)        000FD0
_RCREG                               (abs)        000FAE
_RCSTAbits                           (abs)        000FAB
_Read_Sensors                        text5        002EB8
_Read_Sensors$1838                   cstackBANK0  000089
_Read_Sensors$1839                   cstackBANK0  00008D
_Read_Sensors$1840                   cstackBANK0  000091
_SPBRG                               (abs)        000FAF
_Send_Data                           text4        0064EE
_Send_History_Event                  text16       006A20
_TRISA0                              (abs)        007C90
_TRISA1                              (abs)        007C91
_TRISA2                              (abs)        007C92
_TRISB                               (abs)        000F93
_TRISBbits                           (abs)        000F93
_TRISC6                              (abs)        007CA6
_TRISC7                              (abs)        007CA7
_TXREG                               (abs)        000FAD
_TXSTAbits                           (abs)        000FAC
_UART_Init                           text3        006F2A
_Update_Actuators                    text2        005BA4
_Update_Actuators$755                cstackCOMRAM 00005D
__HRAM                               (abs)        000000
__H__absolute__                      __absolute__ 000000
__Habs1                              abs1         000000
__Hbank0                             bank0        000000
__Hbank1                             bank1        000000
__Hbank2                             bank2        000000
__Hbank3                             bank3        000000
__Hbank4                             bank4        000000
__Hbank5                             bank5        000000
__Hbank6                             bank6        000000
__Hbank7                             bank7        000000
__Hbigbss                            bigbss       000000
__Hbigdata                           bigdata      000000
__Hbigram                            bigram       000000
__Hbigsfr                            bigsfr       000000
__Hbss                               bss          000000
__HbssBANK2                          bssBANK2     000000
__HbssBANK3                          bssBANK3     000000
__HbssCOMRAM                         bssCOMRAM    000000
__Hcinit                             cinit        000000
__Hclrtext                           clrtext      000000
__Hcomram                            comram       000000
__Hconfig                            config       30000E
__Hconst                             const        000000
__HcstackBANK0                       cstackBANK0  000000
__HcstackBANK1                       cstackBANK1  000000
__HcstackBANK2                       cstackBANK2  000000
__HcstackBANK4                       cstackBANK4  000000
__HcstackCOMRAM                      cstackCOMRAM 000000
__Hdata                              data         000000
__HdataBANK3                         dataBANK3    000000
__Heeprom_data                       eeprom_data  000000
__Hfarbss                            farbss       000000
__Hfardata                           fardata      000000
__Hheap                              heap         000000
__Hibigdata                          ibigdata     000000
__Hidata                             idata        000000
__HidataBANK3                        idataBANK3   000000
__Hidloc                             idloc        200008
__Hifardata                          ifardata     000000
__Hinit                              init         000012
__Hintcode                           intcode      00000E
__Hintcode_body                      intcode_body 000000
__Hintcodelo                         intcodelo    000018
__Hintentry                          intentry     000000
__Hintret                            intret       000000
__Hintsave_regs                      intsave_regs 000000
__Hirdata                            irdata       000000
__Hmediumconst                       mediumconst  008000
__HnvFARRAM                          nvFARRAM     000000
__Hnvbit                             nvbit        000000
__Hnvrram                            nvrram       000000
__Hparam                             rparam       000000
__Hpowerup                           powerup      000000
__Hram                               ram          000000
__Hramtop                            ramtop       000800
__Hrbit                              rbit         000000
__Hrbss                              rbss         000000
__Hrdata                             rdata        000000
__Hreset_vec                         reset_vec    000004
__Hrparam                            rparam       000000
__Hsfr                               sfr          000000
__Hsivt_hi                           sivt_hi      000000
__Hsivt_lo                           sivt_lo      000018
__Hsmallconst                        smallconst   000000
__Hspace_0                           (abs)        008000
__Hspace_1                           (abs)        000412
__Hspace_2                           (abs)        000000
__Hspace_4                           (abs)        60000E
__Hstack                             stack        000000
__Hstruct                            struct       000000
__Htemp                              temp         000060
__Htext                              text         000000
__Htext0                             text0        000000
__Htext1                             text1        000000
__Htext10                            text10       000000
__Htext11                            text11       000000
__Htext12                            text12       000000
__Htext13                            text13       000000
__Htext14                            text14       000000
__Htext15                            text15       000000
__Htext16                            text16       000000
__Htext17                            text17       000000
__Htext18                            text18       000000
__Htext19                            text19       000000
__Htext2                             text2        000000
__Htext20                            text20       000000
__Htext21                            text21       000000
__Htext22                            text22       000000
__Htext23                            text23       000000
__Htext24                            text24       000000
__Htext25                            text25       000000
__Htext26                            text26       000000
__Htext27                            text27       000000
__Htext28                            text28       000000
__Htext29                            text29       000000
__Htext3                             text3        000000
__Htext30                            text30       000000
__Htext31                            text31       000000
__Htext32                            text32       000000
__Htext33                            text33       000000
__Htext34                            text34       000000
__Htext35                            text35       000000
__Htext36                            text36       000000
__Htext37                            text37       000000
__Htext38                            text38       000000
__Htext39                            text39       000000
__Htext4                             text4        000000
__Htext40                            text40       000000
__Htext41                            text41       000000
__Htext42                            text42       000000
__Htext43                            text43       000000
__Htext44                            text44       000000
__Htext45                            text45       000000
__Htext46                            text46       000000
__Htext47                            text47       000000
__Htext48                            text48       000000
__Htext5                             text5        000000
__Htext6                             text6        000000
__Htext7                             text7        000000
__Htext8                             text8        000000
__Htext9                             text9        000000
__LRAM                               (abs)        000001
__L__absolute__                      __absolute__ 000000
__Labs1                              abs1         000000
__Lbank0                             bank0        000000
__Lbank1                             bank1        000000
__Lbank2                             bank2        000000
__Lbank3                             bank3        000000
__Lbank4                             bank4        000000
__Lbank5                             bank5        000000
__Lbank6                             bank6        000000
__Lbank7                             bank7        000000
__Lbigbss                            bigbss       000000
__Lbigdata                           bigdata      000000
__Lbigram                            bigram       000000
__Lbigsfr                            bigsfr       000000
__Lbss                               bss          000000
__LbssBANK2                          bssBANK2     000000
__LbssBANK3                          bssBANK3     000000
__LbssCOMRAM                         bssCOMRAM    000000
__Lcinit                             cinit        000000
__Lclrtext                           clrtext      000000
__Lcomram                            comram       000000
__Lconfig                            config       000000
__Lconst                             const        000000
__LcstackBANK0                       cstackBANK0  000000
__LcstackBANK1                       cstackBANK1  000000
__LcstackBANK2                       cstackBANK2  000000
__LcstackBANK4                       cstackBANK4  000000
__LcstackCOMRAM                      cstackCOMRAM 000000
__Ldata                              data         000000
__LdataBANK3                         dataBANK3    000000
__Leeprom_data                       eeprom_data  000000
__Lfarbss                            farbss       000000
__Lfardata                           fardata      000000
__Lheap                              heap         000000
__Libigdata                          ibigdata     000000
__Lidata                             idata        000000
__LidataBANK3                        idataBANK3   000000
__Lidloc                             idloc        000000
__Lifardata                          ifardata     000000
__Linit                              init         00000E
__Lintcode                           intcode      000008
__Lintcode_body                      intcode_body 000000
__Lintcodelo                         intcodelo    000018
__Lintentry                          intentry     000000
__Lintret                            intret       000000
__Lintsave_regs                      intsave_regs 000000
__Lirdata                            irdata       000000
__Lmediumconst                       mediumconst  007E5C
__LnvFARRAM                          nvFARRAM     000000
__Lnvbit                             nvbit        000000
__Lnvrram                            nvrram       000000
__Lparam                             rparam       000000
__Lpowerup                           powerup      000000
__Lram                               ram          000000
__Lramtop                            ramtop       000800
__Lrbit                              rbit         000000
__Lrbss                              rbss         000000
__Lrdata                             rdata        000000
__Lreset_vec                         reset_vec    000000
__Lrparam                            rparam       000000
__Lsfr                               sfr          000000
__Lsivt_hi                           sivt_hi      000000
__Lsivt_lo                           sivt_lo      000018
__Lsmallconst                        smallconst   000000
__Lspace_0                           (abs)        000000
__Lspace_1                           (abs)        000000
__Lspace_2                           (abs)        000000
__Lspace_4                           (abs)        000000
__Lstack                             stack        000000
__Lstruct                            struct       000000
__Ltemp                              temp         00005F
__Ltext                              text         000000
__Ltext0                             text0        000000
__Ltext1                             text1        000000
__Ltext10                            text10       000000
__Ltext11                            text11       000000
__Ltext12                            text12       000000
__Ltext13                            text13       000000
__Ltext14                            text14       000000
__Ltext15                            text15       000000
__Ltext16                            text16       000000
__Ltext17                            text17       000000
__Ltext18                            text18       000000
__Ltext19                            text19       000000
__Ltext2                             text2        000000
__Ltext20                            text20       000000
__Ltext21                            text21       000000
__Ltext22                            text22       000000
__Ltext23                            text23       000000
__Ltext24                            text24       000000
__Ltext25                            text25       000000
__Ltext26                            text26       000000
__Ltext27                            text27       000000
__Ltext28                            text28       000000
__Ltext29                            text29       000000
__Ltext3                             text3        000000
__Ltext30                            text30       000000
__Ltext31                            text31       000000
__Ltext32                            text32       000000
__Ltext33                            text33       000000
__Ltext34                            text34       000000
__Ltext35                            text35       000000
__Ltext36                            text36       000000
__Ltext37                            text37       000000
__Ltext38                            text38       000000
__Ltext39                            text39       000000
__Ltext4                             text4        000000
__Ltext40                            text40       000000
__Ltext41                            text41       000000
__Ltext42                            text42       000000
__Ltext43                            text43       000000
__Ltext44                            text44       000000
__Ltext45                            text45       000000
__Ltext46                            text46       000000
__Ltext47                            text47       000000
__Ltext48                            text48       000000
__Ltext5                             text5        000000
__Ltext6                             text6        000000
__Ltext7                             text7        000000
__Ltext8                             text8        000000
__Ltext9                             text9        000000
__S0                                 (abs)        008000
__S1                                 (abs)        000412
__S4                                 (abs)        000000
__S5                                 (abs)        000000
___aldiv                             text46       005DEC
___aldiv@counter                     cstackCOMRAM 000009
___aldiv@dividend                    cstackCOMRAM 000001
___aldiv@divisor                     cstackCOMRAM 000005
___aldiv@quotient                    cstackCOMRAM 00000B
___aldiv@sign                        cstackCOMRAM 00000A
___almod                             text45       006404
___almod@counter                     cstackCOMRAM 000009
___almod@dividend                    cstackCOMRAM 000001
___almod@divisor                     cstackCOMRAM 000005
___almod@sign                        cstackCOMRAM 00000A
___awmod                             text1        006778
___awmod@counter                     cstackCOMRAM 000005
___awmod@dividend                    cstackCOMRAM 000001
___awmod@divisor                     cstackCOMRAM 000003
___awmod@sign                        cstackCOMRAM 000006
___fladd                             text33       003C16
___fladd@a                           cstackCOMRAM 000045
___fladd@aexp                        cstackCOMRAM 00004E
___fladd@b                           cstackCOMRAM 000041
___fladd@bexp                        cstackCOMRAM 00004F
___fladd@grs                         cstackCOMRAM 000050
___fladd@signs                       cstackCOMRAM 00004D
___fldiv                             text38       0048D0
___fldiv@a                           cstackCOMRAM 00002C
___fldiv@aexp                        cstackCOMRAM 000040
___fldiv@b                           cstackCOMRAM 000028
___fldiv@bexp                        cstackCOMRAM 00003F
___fldiv@grs                         cstackCOMRAM 00003B
___fldiv@new_exp                     cstackCOMRAM 000039
___fldiv@rem                         cstackCOMRAM 000034
___fldiv@sign                        cstackCOMRAM 000038
___fleq                              text37       0068D2
___fleq@ff1                          cstackCOMRAM 000001
___fleq@ff2                          cstackCOMRAM 000005
___flge                              text36       005FFC
___flge@ff1                          cstackBANK0  000060
___flge@ff2                          cstackBANK0  000064
___flmul                             text35       0040CC
___flmul@a                           cstackCOMRAM 000013
___flmul@aexp                        cstackCOMRAM 00001C
___flmul@b                           cstackCOMRAM 00000F
___flmul@bexp                        cstackCOMRAM 000021
___flmul@grs                         cstackCOMRAM 00001D
___flmul@prod                        cstackCOMRAM 000022
___flmul@sign                        cstackCOMRAM 00001B
___flmul@temp                        cstackCOMRAM 000026
___flneg                             text34       006E8A
___flneg@f1                          cstackCOMRAM 000001
___flsub                             text32       006D50
___flsub@a                           cstackCOMRAM 000055
___flsub@b                           cstackCOMRAM 000051
___fltol                             text31       005EF6
___fltol@exp1                        cstackCOMRAM 00000A
___fltol@f1                          cstackCOMRAM 000001
___fltol@sign1                       cstackCOMRAM 000009
___fpclassifyf                       text30       006306
___fpclassifyf@F465                  bssBANK3     000318
___fpclassifyf@e                     cstackCOMRAM 000009
___fpclassifyf@u                     cstackCOMRAM 00000B
___fpclassifyf@x                     cstackCOMRAM 000001
___heap_hi                           (abs)        000000
___heap_lo                           (abs)        000000
___inthi_sp                          stack        000000
___inthi_stack_hi                    stack        000000
___inthi_stack_lo                    stack        000000
___intlo_sp                          stack        000000
___intlo_stack_hi                    stack        000000
___intlo_stack_lo                    stack        000000
___lldiv                             text22       00697C
___lldiv@counter                     cstackCOMRAM 00000D
___lldiv@dividend                    cstackCOMRAM 000001
___lldiv@divisor                     cstackCOMRAM 000005
___lldiv@quotient                    cstackCOMRAM 000009
___llmod                             text21       006AB4
___llmod@counter                     cstackCOMRAM 000009
___llmod@dividend                    cstackCOMRAM 000001
___llmod@divisor                     cstackCOMRAM 000005
___param_bank                        (abs)        000000
___rparam_used                       (abs)        000001
___sp                                stack        000000
___stack_hi                          stack        000000
___stack_lo                          stack        000000
___xxtofl                            text9        0056B6
___xxtofl@arg                        cstackCOMRAM 00000B
___xxtofl@exp                        cstackCOMRAM 00000A
___xxtofl@sign                       cstackCOMRAM 000009
___xxtofl@val                        cstackCOMRAM 000001
__accesstop                          (abs)        000060
__activetblptr                       (abs)        000002
__end_of_ADC_Init                    text48       006F50
__end_of_ADC_Read                    text11       006E52
__end_of_Apply_Filter                text10       0066BE
__end_of_Handle_Commands             text47       005BA4
__end_of_Handle_Fire_Events          text15       005270
__end_of_Handle_Shutdown_Events      text14       006BB2
__end_of_Handle_Test_Events          text13       006206
__end_of_HighISR                     intcode_body 006F12
__end_of_Interrupt_Init              text12       006F60
__end_of_L1                          mediumconst  007EBD
__end_of_L2                          mediumconst  007EB9
__end_of_L3                          mediumconst  007EB5
__end_of_L4                          mediumconst  007EB1
__end_of_L5                          mediumconst  007EAD
__end_of_L6                          mediumconst  007EA9
__end_of_P1                          mediumconst  007EA5
__end_of_P2                          mediumconst  007EA1
__end_of_P3                          mediumconst  007E9D
__end_of_P4                          mediumconst  007E99
__end_of_P5                          mediumconst  007E95
__end_of_Read_Sensors                text5        003708
__end_of_Send_Data                   text4        0065D6
__end_of_Send_History_Event          text16       006AB4
__end_of_TEST_DURATION               mediumconst  007EC5
__end_of_UART_Init                   text3        006F3E
__end_of_Update_Actuators            text2        005CD4
__end_of___aldiv                     text46       005EF6
__end_of___almod                     text45       0064EE
__end_of___awmod                     text1        006826
__end_of___fladd                     text33       0040CC
__end_of___fldiv                     text38       004C60
__end_of___fleq                      text37       00697C
__end_of___flge                      text36       006102
__end_of___flmul                     text35       0044F2
__end_of___flneg                     text34       006EC2
__end_of___flsub                     text32       006D96
__end_of___fltol                     text31       005FFC
__end_of___fpclassifyf               text30       006404
__end_of___lldiv                     text22       006A20
__end_of___llmod                     text21       006B3C
__end_of___xxtofl                    text9        00586A
__end_of__initialization             cinit        006CFA
__end_of_abs                         text44       006EF6
__end_of_bp                          mediumconst  007E75
__end_of_cp                          mediumconst  007E81
__end_of_cp_h                        mediumconst  007ED1
__end_of_cp_l                        mediumconst  007ECD
__end_of_dp_h                        mediumconst  007E6D
__end_of_dp_l                        mediumconst  007E65
__end_of_dtoa                        text39       005A0E
__end_of_efgtoa                      text25       002EB8
__end_of_floorf                      text29       0056B6
__end_of_fputc                       text42       006778
__end_of_fputs                       text41       006E1A
__end_of_ivln2                       mediumconst  007E7D
__end_of_ivln2_h                     mediumconst  007EC9
__end_of_ivln2_l                     mediumconst  007E79
__end_of_labs                        text28       006C6E
__end_of_lg2                         mediumconst  007E91
__end_of_lg2_h                       mediumconst  007E8D
__end_of_lg2_l                       mediumconst  007E89
__end_of_main                        text0        004FE6
__end_of_memcpy                      text27       006CBE
__end_of_ovt                         mediumconst  007E85
__end_of_pad                         text40       006C18
__end_of_powf                        text6        0024C8
__end_of_putch                       text43       006F62
__end_of_read_prec_or_width          text24       0068D2
__end_of_scalbnf                     text8        0054A4
__end_of_sprintf                     text17       006DDA
__end_of_sqrtf                       text7        0048D0
__end_of_stoa                        text23       006306
__end_of_strcpy                      text26       006E8A
__end_of_two24                       mediumconst  007EC1
__end_of_utoa                        text20       005DEC
__end_of_vfpfcnvrt                   text19       003C16
__end_of_vfprintf                    text18       006D50
__initialization                     cinit        006CBE
__mediumconst                        mediumconst  007E5C
__pbssBANK2                          bssBANK2     0002FA
__pbssBANK3                          bssBANK3     000300
__pbssCOMRAM                         bssCOMRAM    00005E
__pcinit                             cinit        006CBE
__pcstackBANK0                       cstackBANK0  000060
__pcstackBANK1                       cstackBANK1  000100
__pcstackBANK2                       cstackBANK2  000200
__pcstackBANK4                       cstackBANK4  000400
__pcstackCOMRAM                      cstackCOMRAM 000001
__pdataBANK3                         dataBANK3    0003DE
__pidataBANK3                        idataBANK3   006F12
__pintcode                           intcode      000008
__pintcode_body                      intcode_body 006EF6
__pmediumconst                       mediumconst  007E5C
__ptext0                             text0        004C60
__ptext1                             text1        006778
__ptext10                            text10       0065D6
__ptext11                            text11       006E1A
__ptext12                            text12       006F50
__ptext13                            text13       006102
__ptext14                            text14       006B3C
__ptext15                            text15       004FE6
__ptext16                            text16       006A20
__ptext17                            text17       006D96
__ptext18                            text18       006D08
__ptext19                            text19       003708
__ptext2                             text2        005BA4
__ptext20                            text20       005CD4
__ptext21                            text21       006AB4
__ptext22                            text22       00697C
__ptext23                            text23       006206
__ptext24                            text24       006826
__ptext25                            text25       0024C8
__ptext26                            text26       006E52
__ptext27                            text27       006C6E
__ptext28                            text28       006C18
__ptext29                            text29       0054A4
__ptext3                             text3        006F2A
__ptext30                            text30       006306
__ptext31                            text31       005EF6
__ptext32                            text32       006D50
__ptext33                            text33       003C16
__ptext34                            text34       006E8A
__ptext35                            text35       0040CC
__ptext36                            text36       005FFC
__ptext37                            text37       0068D2
__ptext38                            text38       0048D0
__ptext39                            text39       00586A
__ptext4                             text4        0064EE
__ptext40                            text40       006BB2
__ptext41                            text41       006DDA
__ptext42                            text42       0066BE
__ptext43                            text43       006F60
__ptext44                            text44       006EC2
__ptext45                            text45       006404
__ptext46                            text46       005DEC
__ptext47                            text47       005A0E
__ptext48                            text48       006F3E
__ptext5                             text5        002EB8
__ptext6                             text6        000012
__ptext7                             text7        0044F2
__ptext8                             text8        005270
__ptext9                             text9        0056B6
__ramtop                             ramtop       000800
__smallconst                         mediumconst  007E5C
_abs                                 text44       006EC2
_alarm_active                        bssBANK3     000377
_bp                                  mediumconst  007E6D
_co_ppm                              bssBANK3     000358
_co_samples                          bssBANK3     000300
_dbuf                                bssBANK3     00037A
_dp_h                                mediumconst  007E65
_dp_l                                mediumconst  007E5D
_dtoa                                text39       00586A
_dtoa$1348                           cstackCOMRAM 00001C
_efgtoa                              text25       0024C8
_efgtoa$1379                         cstackBANK0  000076
_errno                               bssBANK3     000368
_fire_alarm                          bssBANK3     000376
_fire_start_co                       bssBANK3     00033C
_fire_start_flame                    bssBANK3     000340
_fire_start_flow                     bssBANK3     000338
_fire_start_temp                     bssBANK3     000344
_fire_start_time                     bssBANK3     000348
_fire_trigger_sensor                 bssBANK3     0003CA
_flags                               bssBANK3     000370
_flame_base_voltage                  bssBANK3     00035C
_flame_detected                      bssBANK3     000379
_flame_intensity                     bssBANK3     000360
_floorf                              text29       0054A4
_flow_rate                           bssBANK3     000354
_fputc                               text42       0066BE
_fputs                               text41       006DDA
_labs                                text28       006C18
_main                                text0        004C60
_main$1837                           cstackBANK4  000400
_memcpy                              text27       006C6E
_pad                                 text40       006BB2
_powf                                text6        000012
_powf$1841                           cstackBANK1  000148
_powf$1842                           cstackBANK1  000158
_powf$1843                           cstackBANK1  00014C
_powf$1844                           cstackBANK1  00019C
_powf$1845                           cstackBANK1  000138
_powf$1846                           cstackBANK1  000100
_powf$1847                           cstackBANK1  000104
_powf$1848                           cstackBANK1  00015C
_powf$1849                           cstackBANK1  00013C
_powf$1850                           cstackBANK1  000140
_powf$1851                           cstackBANK1  000108
_powf$1852                           cstackBANK1  00010C
_powf$1853                           cstackBANK1  000110
_powf$1854                           cstackBANK1  000114
_powf$1855                           cstackBANK1  000118
_prec                                bssBANK2     0002FE
_prev_fire_alarm                     bssBANK3     000375
_pulse_count                         bssBANK3     00036E
_pump_active                         bssBANK3     000378
_putch                               text43       006F60
_read_prec_or_width                  text24       006826
_sample_index                        bssBANK3     000374
_scalbnf                             text8        005270
_shutdown_system                     bssBANK3     000373
_sprintf                             text17       006D96
_sqrtf                               text7        0044F2
_stoa                                text23       006206
_strcpy                              text26       006E52
_system_millis                       bssBANK2     0002FA
_temp_samples                        dataBANK3    0003E2
_temperature                         bssBANK3     000364
_test_start_flow                     bssBANK3     000334
_test_start_time                     bssBANK3     00034C
_total_flow                          bssBANK3     000350
_trigger_test                        bssCOMRAM    00005E
_utoa                                text20       005CD4
_vfpfcnvrt                           text19       003708
_vfprintf                            text18       006D08
_width                               bssBANK3     00036A
abs@a                                cstackCOMRAM 00000B
btemp                                temp         00005F
dtoa@d                               cstackCOMRAM 000018
dtoa@fp                              cstackCOMRAM 000017
dtoa@i                               cstackCOMRAM 000023
dtoa@p                               cstackCOMRAM 000020
dtoa@s                               cstackCOMRAM 000022
dtoa@w                               cstackCOMRAM 00001E
efgtoa@c                             cstackBANK0  00006D
efgtoa@d                             cstackBANK0  00007B
efgtoa@e                             cstackBANK0  00007F
efgtoa@f                             cstackBANK0  000069
efgtoa@fp                            cstackBANK0  000068
efgtoa@g                             cstackBANK0  000092
efgtoa@h                             cstackBANK0  000089
efgtoa@i                             cstackBANK0  000087
efgtoa@l                             cstackBANK0  00008D
efgtoa@m                             cstackBANK0  00007D
efgtoa@mode                          cstackBANK0  000079
efgtoa@n                             cstackBANK0  000096
efgtoa@ne                            cstackBANK0  000070
efgtoa@nmode                         cstackBANK0  00007A
efgtoa@ou                            cstackBANK0  000083
efgtoa@p                             cstackBANK0  000072
efgtoa@pp                            cstackBANK0  000078
efgtoa@sign                          cstackBANK0  000091
efgtoa@t                             cstackBANK0  000074
efgtoa@u                             cstackBANK0  000098
efgtoa@w                             cstackBANK0  000081
end_of_initialization                cinit        006CFA
floorf@F521                          bssBANK3     000314
floorf@e                             cstackCOMRAM 00004F
floorf@m                             cstackCOMRAM 00004B
floorf@u                             cstackCOMRAM 000051
floorf@x                             cstackCOMRAM 000041
fputc@c                              cstackCOMRAM 000001
fputc@fp                             cstackCOMRAM 000003
fputs@c                              cstackCOMRAM 00000C
fputs@fp                             cstackCOMRAM 00000B
fputs@i                              cstackCOMRAM 00000D
fputs@s                              cstackCOMRAM 000009
int$flags                            temp         00005F
int_func                             intcode_body 006EF6
intlevel0                            text         000000
intlevel1                            text         000000
intlevel2                            text         000000
intlevel3                            text         000000
isa$std                              (abs)        000001
isa$xinst                            (abs)        000000
labs@a                               cstackCOMRAM 000001
main@adc_value                       cstackBANK4  000404
main@adc_value_677                   cstackBANK4  000406
main@cycle_count                     cstackBANK4  000408
main@i                               cstackBANK4  00040E
main@i_676                           cstackBANK4  000410
main@voltage                         cstackBANK4  00040A
memcpy@d                             cstackCOMRAM 000008
memcpy@d1                            cstackCOMRAM 000001
memcpy@n                             cstackCOMRAM 000005
memcpy@s                             cstackCOMRAM 00000A
memcpy@s1                            cstackCOMRAM 000003
memcpy@tmp                           cstackCOMRAM 000007
pad@buf                              cstackCOMRAM 000010
pad@fp                               cstackCOMRAM 00000F
pad@i                                cstackCOMRAM 000015
pad@p                                cstackCOMRAM 000012
powf@ax                              cstackBANK1  000178
powf@hx                              cstackBANK1  000168
powf@hy                              cstackBANK1  000184
powf@i                               cstackBANK1  000128
powf@is                              cstackBANK1  000198
powf@ix                              cstackBANK1  0001AC
powf@iy                              cstackBANK1  000194
powf@j                               cstackBANK1  0001A8
powf@k                               cstackBANK1  0001A4
powf@n                               cstackBANK1  000188
powf@p_h                             cstackBANK1  0001A0
powf@p_l                             cstackBANK1  00016C
powf@r                               cstackBANK1  000150
powf@s                               cstackBANK1  000160
powf@s2                              cstackBANK1  000190
powf@s_h                             cstackBANK1  000174
powf@s_l                             cstackBANK1  000130
powf@sn                              cstackBANK1  000164
powf@t                               cstackBANK1  0001B0
powf@t1                              cstackBANK1  00018C
powf@t2                              cstackBANK1  00011C
powf@t_h                             cstackBANK1  000170
powf@t_l                             cstackBANK1  000134
powf@u                               cstackBANK1  00017C
powf@v                               cstackBANK1  000180
powf@w                               cstackBANK1  000144
powf@x                               cstackBANK0  000068
powf@y                               cstackBANK0  00006C
powf@y1                              cstackBANK1  00012C
powf@yisint                          cstackBANK1  000154
powf@z                               cstackBANK1  0001B4
powf@z_h                             cstackBANK1  000120
powf@z_l                             cstackBANK1  000124
read_prec_or_width@ap                cstackCOMRAM 000002
read_prec_or_width@c                 cstackCOMRAM 000005
read_prec_or_width@fmt               cstackCOMRAM 000001
read_prec_or_width@n                 cstackCOMRAM 000006
scalbnf@n                            cstackCOMRAM 00002C
scalbnf@u                            cstackCOMRAM 000032
scalbnf@x                            cstackCOMRAM 000028
scalbnf@y                            cstackCOMRAM 000036
sprintf@ap                           cstackBANK0  0000D4
sprintf@f                            cstackBANK0  0000D5
sprintf@fmt                          cstackBANK0  0000B2
sprintf@s                            cstackBANK0  0000B0
sqrtf@i                              cstackCOMRAM 00000E
sqrtf@ix                             cstackCOMRAM 000022
sqrtf@m                              cstackCOMRAM 00001A
sqrtf@q                              cstackCOMRAM 000012
sqrtf@r                              cstackCOMRAM 00001E
sqrtf@s                              cstackCOMRAM 00000A
sqrtf@t                              cstackCOMRAM 000016
sqrtf@x                              cstackCOMRAM 000001
stackhi                              (abs)        000000
stacklo                              (abs)        000000
start                                init         00000E
start_initialization                 cinit        006CBE
stoa@cp                              cstackCOMRAM 000010
stoa@fp                              cstackCOMRAM 000009
stoa@l                               cstackCOMRAM 000012
stoa@p                               cstackCOMRAM 00000E
stoa@s                               cstackCOMRAM 00000A
strcpy@d                             cstackCOMRAM 000005
strcpy@dest                          cstackCOMRAM 000001
strcpy@src                           cstackCOMRAM 000003
ttemp5                               temp         000060
ttemp6                               temp         000063
ttemp7                               temp         000067
utoa@d                               cstackCOMRAM 000018
utoa@fp                              cstackCOMRAM 000017
utoa@i                               cstackCOMRAM 000020
utoa@p                               cstackCOMRAM 00001E
utoa@w                               cstackCOMRAM 00001C
vfpfcnvrt@ap                         cstackBANK0  00009E
vfpfcnvrt@c                          cstackBANK0  0000A7
vfpfcnvrt@convarg                    cstackBANK0  0000A3
vfpfcnvrt@cp                         cstackBANK0  0000A8
vfpfcnvrt@done                       cstackBANK0  0000A2
vfpfcnvrt@fmt                        cstackBANK0  00009D
vfpfcnvrt@fp                         cstackBANK0  00009C
vfprintf@ap                          cstackBANK0  0000AD
vfprintf@cfmt                        cstackBANK0  0000AE
vfprintf@fmt                         cstackBANK0  0000AB
vfprintf@fp                          cstackBANK0  0000AA
wtemp8                               temp         000060


MODULE INFORMATION

Module		Function		Class		Link	Load	Size
C:\Program Files\Microchip\xc8\v3.00\pic\sources\c99\common\flge.c
		___flge        		CODE           	5FFC	0000	262

C:\Program Files\Microchip\xc8\v3.00\pic\sources\c99\common\flge.c estimated size: 262

C:\Program Files\Microchip\xc8\v3.00\pic\sources\c99\common\abs.c
		_abs           		CODE           	6EC2	0000	52

C:\Program Files\Microchip\xc8\v3.00\pic\sources\c99\common\abs.c estimated size: 52

C:\Program Files\Microchip\xc8\v3.00\pic\sources\c99\common\nf_fputc.c
		_fputc         		CODE           	66BE	0000	186

C:\Program Files\Microchip\xc8\v3.00\pic\sources\c99\common\nf_fputc.c estimated size: 186

C:\Program Files\Microchip\xc8\v3.00\pic\sources\c99\common\memcpy.c
		_memcpy        		CODE           	6C6E	0000	80

C:\Program Files\Microchip\xc8\v3.00\pic\sources\c99\common\memcpy.c estimated size: 80

C:\Program Files\Microchip\xc8\v3.00\pic\sources\c99\common\flneg.c
		___flneg       		CODE           	6E8A	0000	56

C:\Program Files\Microchip\xc8\v3.00\pic\sources\c99\common\flneg.c estimated size: 56

C:\Program Files\Microchip\xc8\v3.00\pic\sources\c99\common\__fpclassifyf.c
		___fpclassifyf 		CODE           	6306	0000	254

C:\Program Files\Microchip\xc8\v3.00\pic\sources\c99\common\__fpclassifyf.c estimated size: 254

C:\Program Files\Microchip\xc8\v3.00\pic\sources\c99\common\nf_sprintf.c
		_sprintf       		CODE           	6D96	0000	68

C:\Program Files\Microchip\xc8\v3.00\pic\sources\c99\common\nf_sprintf.c estimated size: 68

newmain.c
		_UART_Init     		CODE           	6F2A	0000	20
		_main          		CODE           	4C60	0000	902
		_Update_Actuators		CODE           	5BA4	0000	304
		_Read_Sensors  		CODE           	2EB8	0000	2128
		_Interrupt_Init		CODE           	6F50	0000	16
		_Handle_Commands		CODE           	5A0E	0000	406
		_Send_History_Event		CODE           	6A20	0000	148
		_Handle_Shutdown_Events		CODE           	6B3C	0000	118
		_Handle_Fire_Events		CODE           	4FE6	0000	650
		_Handle_Test_Events		CODE           	6102	0000	260
		_ADC_Read      		CODE           	6E1A	0000	56
		_ADC_Init      		CODE           	6F3E	0000	18
		_Send_Data     		CODE           	64EE	0000	232
		_HighISR       		CODE           	0008	0000	34
		_Apply_Filter  		CODE           	65D6	0000	232

newmain.c estimated size: 5524

C:\Program Files\Microchip\xc8\v3.00\pic\sources\c99\common\awmod.c
		___awmod       		CODE           	6778	0000	174

C:\Program Files\Microchip\xc8\v3.00\pic\sources\c99\common\awmod.c estimated size: 174

C:\Program Files\Microchip\xc8\v3.00\pic\sources\c99\common\floorf.c
		_floorf        		CODE           	54A4	0000	530

C:\Program Files\Microchip\xc8\v3.00\pic\sources\c99\common\floorf.c estimated size: 530

C:\Program Files\Microchip\xc8\v3.00\pic\sources\c99\common\putch.c
		_putch         		CODE           	6F60	0000	2

C:\Program Files\Microchip\xc8\v3.00\pic\sources\c99\common\putch.c estimated size: 2

C:\Program Files\Microchip\xc8\v3.00\pic\sources\c99\common\fleq.c
		___fleq        		CODE           	68D2	0000	170

C:\Program Files\Microchip\xc8\v3.00\pic\sources\c99\common\fleq.c estimated size: 170

C:\Program Files\Microchip\xc8\v3.00\pic\sources\c99\common\llmod.c
		___llmod       		CODE           	6AB4	0000	136

C:\Program Files\Microchip\xc8\v3.00\pic\sources\c99\common\llmod.c estimated size: 136

C:\Program Files\Microchip\xc8\v3.00\pic\sources\c99\common\sprcmul.c
		___flmul       		CODE           	40CC	0000	1062

C:\Program Files\Microchip\xc8\v3.00\pic\sources\c99\common\sprcmul.c estimated size: 1062

C:\Program Files\Microchip\xc8\v3.00\pic\sources\c99\common\almod.c
		___almod       		CODE           	6404	0000	234

C:\Program Files\Microchip\xc8\v3.00\pic\sources\c99\common\almod.c estimated size: 234

C:\Program Files\Microchip\xc8\v3.00\pic\sources\c99\common\__lldiv.c
		___lldiv       		CODE           	697C	0000	164

C:\Program Files\Microchip\xc8\v3.00\pic\sources\c99\common\__lldiv.c estimated size: 164

C:\Program Files\Microchip\xc8\v3.00\pic\sources\c99\common\sprcdiv.c
		___fldiv       		CODE           	48D0	0000	912

C:\Program Files\Microchip\xc8\v3.00\pic\sources\c99\common\sprcdiv.c estimated size: 912

shared
		_L5            		MEDIUMCONST    	0000	0000	0
		_P3            		MEDIUMCONST    	0000	0000	0
		_L6            		MEDIUMCONST    	0000	0000	0
		_P4            		MEDIUMCONST    	0000	0000	0
		_P5            		MEDIUMCONST    	0000	0000	0
		_lg2_l         		MEDIUMCONST    	0000	0000	0
		_ivln2_l       		MEDIUMCONST    	0000	0000	0
		_ivln2         		MEDIUMCONST    	0000	0000	0
		__initialization		CODE           	6CBE	0000	60
		_bp            		MEDIUMCONST    	7E6D	0000	8
		_cp            		MEDIUMCONST    	0000	0000	0
		_TEST_DURATION 		MEDIUMCONST    	0000	0000	0
		_cp_h          		MEDIUMCONST    	0000	0000	0
		_dp_h          		MEDIUMCONST    	7E65	0000	8
		_lg2           		MEDIUMCONST    	0000	0000	0
		_lg2_h         		MEDIUMCONST    	0000	0000	0
		_ivln2_h       		MEDIUMCONST    	0000	0000	0
		_ovt           		MEDIUMCONST    	0000	0000	0
		_two24         		MEDIUMCONST    	0000	0000	0
		_cp_l          		MEDIUMCONST    	0000	0000	0
		_dp_l          		MEDIUMCONST    	7E5D	0000	8
		_L1            		MEDIUMCONST    	0000	0000	0
		_L2            		MEDIUMCONST    	0000	0000	0
		_L3            		MEDIUMCONST    	0000	0000	0
		_P1            		MEDIUMCONST    	0000	0000	0
		_L4            		MEDIUMCONST    	0000	0000	0
		_P2            		MEDIUMCONST    	0000	0000	0

shared estimated size: 84

C:\Program Files\Microchip\xc8\v3.00\pic\sources\c99\common\xxtofl.c
		___xxtofl      		CODE           	56B6	0000	436

C:\Program Files\Microchip\xc8\v3.00\pic\sources\c99\common\xxtofl.c estimated size: 436

C:\Program Files\Microchip\xc8\v3.00\pic\sources\c99\common\nf_fputs.c
		_fputs         		CODE           	6DDA	0000	64

C:\Program Files\Microchip\xc8\v3.00\pic\sources\c99\common\nf_fputs.c estimated size: 64

C:\Program Files\Microchip\xc8\v3.00\pic\sources\c99\common\scalbnf.c
		_scalbnf       		CODE           	5270	0000	564

C:\Program Files\Microchip\xc8\v3.00\pic\sources\c99\common\scalbnf.c estimated size: 564

C:\Program Files\Microchip\xc8\v3.00\pic\sources\c99\common\strcpy.c
		_strcpy        		CODE           	6E52	0000	56

C:\Program Files\Microchip\xc8\v3.00\pic\sources\c99\common\strcpy.c estimated size: 56

C:\Program Files\Microchip\xc8\v3.00\pic\sources\c99\common\powf.c
		_powf          		CODE           	0012	0000	9398

C:\Program Files\Microchip\xc8\v3.00\pic\sources\c99\common\powf.c estimated size: 9398

C:\Program Files\Microchip\xc8\v3.00\pic\sources\c99\common\sqrtf.c
		_sqrtf         		CODE           	44F2	0000	990

C:\Program Files\Microchip\xc8\v3.00\pic\sources\c99\common\sqrtf.c estimated size: 990

C:\Program Files\Microchip\xc8\v3.00\pic\sources\c99\common\fltol.c
		___fltol       		CODE           	5EF6	0000	262

C:\Program Files\Microchip\xc8\v3.00\pic\sources\c99\common\fltol.c estimated size: 262

C:\Program Files\Microchip\xc8\v3.00\pic\sources\c99\common\labs.c
		_labs          		CODE           	6C18	0000	86

C:\Program Files\Microchip\xc8\v3.00\pic\sources\c99\common\labs.c estimated size: 86

C:\Program Files\Microchip\xc8\v3.00\pic\sources\c99\common\aldiv.c
		___aldiv       		CODE           	5DEC	0000	266

C:\Program Files\Microchip\xc8\v3.00\pic\sources\c99\common\aldiv.c estimated size: 266

C:\Program Files\Microchip\xc8\v3.00\pic\sources\c99\common\doprnt.c
		_read_prec_or_width		CODE           	6826	0000	172
		_vfpfcnvrt     		CODE           	3708	0000	1294
		_efgtoa        		CODE           	24C8	0000	2544
		_pad           		CODE           	6BB2	0000	102
		_dtoa          		CODE           	586A	0000	420
		_vfprintf      		CODE           	6D08	0000	72
		_stoa          		CODE           	6206	0000	256
		_utoa          		CODE           	5CD4	0000	280

C:\Program Files\Microchip\xc8\v3.00\pic\sources\c99\common\doprnt.c estimated size: 5140

C:\Program Files\Microchip\xc8\v3.00\pic\sources\c99\common\sprcadd.c
		___flsub       		CODE           	6D50	0000	70
		___fladd       		CODE           	3C16	0000	1206

C:\Program Files\Microchip\xc8\v3.00\pic\sources\c99\common\sprcadd.c estimated size: 1276

