Microchip MPLAB XC8 Compiler V3.00

Linker command line:

-W-3 \
  --edf=C:\Program Files\Microchip\xc8\v3.00\pic\dat\20241204225717_en.msgs \
  -cn -h+dist/default/production\Proyecto_Code.X.production.sym \
  --cmf=dist/default/production\Proyecto_Code.X.production.cmf -z -Q18F4550 \
  -oC:\Users\HECTOR~1\AppData\Local\Temp\xcAs2ds.\driver_tmp_3.o \
  --defsym=__MPLAB_BUILD=1 --fixupoverflow=error \
  -Mdist/default/production/Proyecto_Code.X.production.map \
  --md=C:\Users\HECTOR~1\AppData\Local\Temp\xcAs2ds.\driver_tmp_0.dat -E1 \
  -ver=XC8 Compiler -ACODE=00h-07FFFh -ACONST=00h-07FFFh \
  -ASMALLCONST=0800h-08FFhx120 -AMEDIUMCONST=0800h-07FFFh -ACOMRAM=01h-05Fh \
  -AABS1=00h-07FFh -ABIGRAM=01h-07FFh -ARAM=060h-0FFh,0100h-01FFhx7 \
  -ABANK0=060h-0FFh -ABANK1=0100h-01FFh -ABANK2=0200h-02FFh \
  -ABANK3=0300h-03FFh -ABANK4=0400h-04FFh -ABANK5=0500h-05FFh \
  -ABANK6=0600h-06FFh -ABANK7=0700h-07FFh -ASFR=0F60h-0FFFh \
  -ABIGSFR=0F60h-0FFFh -ACONFIG=0300000h-030000Dh -AIDLOC=0200000h-0200007h \
  -AEEDATA=0F00000h-0F000FFh -peeprom_data=EEDATA \
  -preset_vec=00h,intcode=8h,intcodelo=18h,sivt_lo,sivt_hi=CODE \
  -ppowerup=CODE,init -pramtop=0800h -psmallconst=SMALLCONST \
  -pmediumconst=MEDIUMCONST -pconst=CONST -AFARRAM=00h-00h \
  -prdata=COMRAM,nvrram=COMRAM,nvbit=COMRAM,rbss=COMRAM,rbit=COMRAM \
  -pfarbss=FARRAM,fardata=FARRAM,nvFARRAM=FARRAM \
  -pintsave_regs=BIGRAM,bigbss=BIGRAM,bigdata=BIGRAM -pbss=RAM \
  -pidata=CODE,irdata=CODE,ibigdata=CODE,ifardata=CODE -prparam=COMRAM \
  C:\Users\HECTOR~1\AppData\Local\Temp\xcAs2ds.\driver_tmp_14.o \
  dist/default/production\Proyecto_Code.X.production.o 

Object code version is 3.11

Machine type is 18F4550



                Name                               Link     Load   Length Selector   Space Scale
C:\Users\HECTOR~1\AppData\Local\Temp\xcAs2ds.\driver_tmp_14.o
                idloc                            200000   200000        8        0       5
                config                           300000   300000        E        0       4
                init                               7FFC     7FFC        4     3FFE       0
                reset_vec                             0        0        4        0       0
dist/default/production\Proyecto_Code.X.production.o
                idloc                            200000   200000        8        0       5
                config                           300000   300000        E        0       4
                mediumconst                        7DF2     7DF2      20A     3EF9       0
                text45                             1AB8     1AB8       12      D5C       0
                text44                             1ECC     1ECC       A4      F66       0
                text43                             216E     216E       AE     10B7       0
                text42                             1C04     1C04       44      E02       0
                text41                             1AF2     1AF2       16      D79       0
                text40                             1E08     1E08       5E      F04       0
                text39                             2C74     2C74      1B4     163A       0
                text38                             2436     2436       C2     121B       0
                text37                             221C     221C       AE     110E       0
                text36                             1B20     1B20       34      D90       0
                text35                             1AB2     1AB2        2      D59       0
                text34                             237C     237C       BA     11BE       0
                text33                             1BC4     1BC4       40      DE2       0
                text32                             1E66     1E66       66      F33       0
                text31                             2968     2968      178     14B4       0
                text30                             3A0A     3A0A      390     1D05       0
                text29                             2018     2018       AA     100C       0
                text28                             25F6     25F6      104     12FB       0
                text27                             4178     4178      426     20BC       0
                text26                             1B54     1B54       38      DAA       0
                text25                             459E     459E      4B6     22CF       0
                text24                             1C8C     1C8C       46      E46       0
                text23                             26FA     26FA      106     137D       0
                text22                             24F8     24F8       FE     127C       0
                text21                             2E28     2E28      216     1714       0
                text20                             1DB2     1DB2       56      ED9       0
                text19                             1D62     1D62       50      EB1       0
                text18                             1B8C     1B8C       38      DC6       0
                text17                             4F52     4F52      9EC     27A9       0
                text16                             20C2     20C2       AC     1061       0
                text15                             34AC     34AC      284     1A56       0
                text14                             1CD2     1CD2       46      E69       0
                text13                             1C48     1C48       44      E24       0
                text12                             2800     2800      168     1400       0
                text11                             3272     3272      23A     1939       0
                text10                             22CA     22CA       B2     1165       0
                text9                              2AE0     2AE0      194     1570       0
                text8                              303E     303E      234     181F       0
                text7                              3D9A     3D9A      3DE     1ECD       0
                text6                              593E     593E     24B4     2C9F       0
                text5                              4A54     4A54      4FE     252A       0
                text4                              1F70     1F70       A8      FB8       0
                text3                              1ACA     1ACA       14      D65       0
                text2                              1ADE     1ADE       14      D6F       0
                text1                              1B08     1B08       18      D84       0
                text0                              3730     3730      2DA     1B98       0
                cstackCOMRAM                          1        1       5E        1       1
                cstackBANK0                          60       60       9D       60       1
                cstackBANK1                         100      100       FA      100       1
                cstackBANK2                         286      286        B      200       1
                dataBANK2                           291      291        4      200       1
                bssBANK2                            200      200       86      200       1
                bssBANK1                            1FA      1FA        5      100       1
                bssBANK0                             FD       FD        3       60       1
                cinit                              1D18     1D18       4A      E8C       0
                idataBANK2                         1AB4     1AB4        4     1AB4       0

TOTAL           Name                               Link     Load   Length     Space
        CLASS   CODE           
                init                               7FFC     7FFC        4         0
                reset_vec                             0        0        4         0
                text45                             1AB8     1AB8       12         0
                text44                             1ECC     1ECC       A4         0
                text43                             216E     216E       AE         0
                text42                             1C04     1C04       44         0
                text41                             1AF2     1AF2       16         0
                text40                             1E08     1E08       5E         0
                text39                             2C74     2C74      1B4         0
                text38                             2436     2436       C2         0
                text37                             221C     221C       AE         0
                text36                             1B20     1B20       34         0
                text35                             1AB2     1AB2        2         0
                text34                             237C     237C       BA         0
                text33                             1BC4     1BC4       40         0
                text32                             1E66     1E66       66         0
                text31                             2968     2968      178         0
                text30                             3A0A     3A0A      390         0
                text29                             2018     2018       AA         0
                text28                             25F6     25F6      104         0
                text27                             4178     4178      426         0
                text26                             1B54     1B54       38         0
                text25                             459E     459E      4B6         0
                text24                             1C8C     1C8C       46         0
                text23                             26FA     26FA      106         0
                text22                             24F8     24F8       FE         0
                text21                             2E28     2E28      216         0
                text20                             1DB2     1DB2       56         0
                text19                             1D62     1D62       50         0
                text18                             1B8C     1B8C       38         0
                text17                             4F52     4F52      9EC         0
                text16                             20C2     20C2       AC         0
                text15                             34AC     34AC      284         0
                text14                             1CD2     1CD2       46         0
                text13                             1C48     1C48       44         0
                text12                             2800     2800      168         0
                text11                             3272     3272      23A         0
                text10                             22CA     22CA       B2         0
                text9                              2AE0     2AE0      194         0
                text8                              303E     303E      234         0
                text7                              3D9A     3D9A      3DE         0
                text6                              593E     593E     24B4         0
                text5                              4A54     4A54      4FE         0
                text4                              1F70     1F70       A8         0
                text3                              1ACA     1ACA       14         0
                text2                              1ADE     1ADE       14         0
                text1                              1B08     1B08       18         0
                text0                              3730     3730      2DA         0
                cinit                              1D18     1D18       4A         0
                idataBANK2                         1AB4     1AB4        4         0

        CLASS   CONST          

        CLASS   SMALLCONST     

        CLASS   MEDIUMCONST    
                mediumconst                        7DF2     7DF2      20A         0

        CLASS   COMRAM         
                cstackCOMRAM                          1        1       5E         1

        CLASS   ABS1           

        CLASS   BIGRAM         

        CLASS   RAM            

        CLASS   BANK0          
                cstackBANK0                          60       60       9D         1
                bssBANK0                             FD       FD        3         1

        CLASS   BANK1          
                cstackBANK1                         100      100       FA         1
                bssBANK1                            1FA      1FA        5         1

        CLASS   BANK2          
                cstackBANK2                         286      286        B         1
                dataBANK2                           291      291        4         1
                bssBANK2                            200      200       86         1

        CLASS   BANK3          

        CLASS   BANK4          

        CLASS   BANK5          

        CLASS   BANK6          

        CLASS   BANK7          

        CLASS   SFR            

        CLASS   BIGSFR         

        CLASS   CONFIG         
                config                           300000   300000        E         4

        CLASS   IDLOC          
                idloc                            200000   200000        8         5

        CLASS   EEDATA         

        CLASS   FARRAM         

        CLASS   HEAP           

        CLASS   STACK          



SEGMENTS        Name                           Load    Length   Top    Selector   Space  Class

                reset_vec                      000000  000004  000004         0       0  CODE    
                cstackCOMRAM                   000001  00005E  00005F         1       1  COMRAM  
                cstackBANK0                    000060  0000A0  000100        60       1  BANK0   
                cstackBANK1                    000100  0000FF  0001FF       100       1  BANK1   
                bssBANK2                       000200  000095  000295       200       1  BANK2   
                text35                         001AB2  000002  001AB4       D59       0  CODE    
                idataBANK2                     001AB4  000004  001AB8      1AB4       0  CODE    
                text45                         001AB8  000012  001ACA       D5C       0  CODE    
                text3                          001ACA  000014  001ADE       D65       0  CODE    
                text2                          001ADE  000014  001AF2       D6F       0  CODE    
                text41                         001AF2  000016  001B08       D79       0  CODE    
                text1                          001B08  000018  001B20       D84       0  CODE    
                text36                         001B20  000034  001B54       D90       0  CODE    
                text26                         001B54  000038  001B8C       DAA       0  CODE    
                text18                         001B8C  000038  001BC4       DC6       0  CODE    
                text33                         001BC4  000040  001C04       DE2       0  CODE    
                text42                         001C04  000044  001C48       E02       0  CODE    
                text13                         001C48  000044  001C8C       E24       0  CODE    
                text24                         001C8C  000046  001CD2       E46       0  CODE    
                text14                         001CD2  000046  001D18       E69       0  CODE    
                cinit                          001D18  00004A  001D62       E8C       0  CODE    
                text19                         001D62  000050  001DB2       EB1       0  CODE    
                text20                         001DB2  000056  001E08       ED9       0  CODE    
                text40                         001E08  00005E  001E66       F04       0  CODE    
                text32                         001E66  000066  001ECC       F33       0  CODE    
                text44                         001ECC  0000A4  001F70       F66       0  CODE    
                text4                          001F70  0000A8  002018       FB8       0  CODE    
                text29                         002018  0000AA  0020C2      100C       0  CODE    
                text16                         0020C2  0000AC  00216E      1061       0  CODE    
                text43                         00216E  0000AE  00221C      10B7       0  CODE    
                text37                         00221C  0000AE  0022CA      110E       0  CODE    
                text10                         0022CA  0000B2  00237C      1165       0  CODE    
                text34                         00237C  0000BA  002436      11BE       0  CODE    
                text38                         002436  0000C2  0024F8      121B       0  CODE    
                text22                         0024F8  0000FE  0025F6      127C       0  CODE    
                text28                         0025F6  000104  0026FA      12FB       0  CODE    
                text23                         0026FA  000106  002800      137D       0  CODE    
                text12                         002800  000168  002968      1400       0  CODE    
                text31                         002968  000178  002AE0      14B4       0  CODE    
                text9                          002AE0  000194  002C74      1570       0  CODE    
                text39                         002C74  0001B4  002E28      163A       0  CODE    
                text21                         002E28  000216  00303E      1714       0  CODE    
                text8                          00303E  000234  003272      181F       0  CODE    
                text11                         003272  00023A  0034AC      1939       0  CODE    
                text15                         0034AC  000284  003730      1A56       0  CODE    
                text0                          003730  0002DA  003A0A      1B98       0  CODE    
                text30                         003A0A  000390  003D9A      1D05       0  CODE    
                text7                          003D9A  0003DE  004178      1ECD       0  CODE    
                text27                         004178  000426  00459E      20BC       0  CODE    
                text25                         00459E  0004B6  004A54      22CF       0  CODE    
                text5                          004A54  0004FE  004F52      252A       0  CODE    
                text17                         004F52  0009EC  00593E      27A9       0  CODE    
                text6                          00593E  0024B4  007DF2      2C9F       0  CODE    
                mediumconst                    007DF2  00020A  007FFC      3EF9       0  MEDIUMCO
                init                           007FFC  000004  008000      3FFE       0  CODE    


UNUSED ADDRESS RANGES

        Name                Unused          Largest block    Delta
        BANK1            0001FF-0001FF                1
        BANK2            000295-0002FF               6B
        BANK3            000300-0003FF              100
        BANK4            000400-0004FF              100
        BANK5            000500-0005FF              100
        BANK6            000600-0006FF              100
        BANK7            000700-0007FF              100
        BIGRAM           00005F-00005F                1
                         0001FF-0001FF                1
                         000295-0007FF              56B
        BIGSFR           000F60-000FFF               A0
        CODE             000004-001AB1             1AAE
        COMRAM           00005F-00005F                1
        CONST            000004-001AB1             1AAE
        EEDATA           F00000-F000FF              100
        MEDIUMCONST      000800-001AB1             12B2
        RAM              0001FF-0001FF                1
                         000295-0007FF              100
        SFR              000F60-000FFF               A0
        SMALLCONST       000800-001AB1              100

                                  Symbol Table

?_ADC_Read                       cstackCOMRAM 000001
?_ADC_Read_Average               cstackCOMRAM 00000E
?___awdiv                        cstackCOMRAM 000001
?___awmod                        cstackCOMRAM 000001
?___fladd                        cstackCOMRAM 00000F
?___fldiv                        cstackCOMRAM 000040
?___flmul                        cstackCOMRAM 00001F
?___flneg                        cstackCOMRAM 000001
?___flsub                        cstackCOMRAM 000038
?___fltol                        cstackCOMRAM 000001
?___fpclassifyf                  cstackCOMRAM 000001
?___lldiv                        cstackCOMRAM 000001
?___xxtofl                       cstackCOMRAM 000001
?_abs                            cstackCOMRAM 000007
?_floorf                         cstackCOMRAM 000059
?_labs                           cstackCOMRAM 000001
?_powf                           cstackBANK0  000060
?_read_prec_or_width             cstackCOMRAM 000001
?_scalbnf                        cstackCOMRAM 000038
?_sprintf                        cstackBANK0  0000B4
?_sqrtf                          cstackCOMRAM 000001
?_vfprintf                       cstackBANK0  0000AE
ADC_Read@channel                 cstackCOMRAM 000005
ADC_Read_Average@channel         cstackCOMRAM 000016
ADC_Read_Average@i               cstackCOMRAM 00001B
ADC_Read_Average@samples         cstackCOMRAM 00000E
ADC_Read_Average@sum             cstackCOMRAM 000017
Calibrate_Flame_Sensor@adc_value cstackBANK0  0000F6
Calibrate_Flame_Sensor@cal_msg   cstackBANK0  0000D8
Calibrate_Flame_Sensor@i         cstackBANK0  0000FC
Calibrate_Flame_Sensor@sum       cstackBANK0  0000F8
Calibrate_MQ2@Rs                 cstackBANK1  00011E
Calibrate_MQ2@adc_value          cstackBANK1  000122
Calibrate_MQ2@cal_msg            cstackBANK1  000100
Calibrate_MQ2@i                  cstackBANK1  00012C
Calibrate_MQ2@sum                cstackBANK1  000128
Calibrate_MQ2@voltage            cstackBANK1  000124
Read_Flame_Sensor@adc_value      cstackBANK1  000104
Read_Flame_Sensor@intensity      cstackBANK1  000106
Read_Flame_Sensor@last_detected  bssBANK1     0001FC
Read_Flame_Sensor@voltage        cstackBANK1  000100
Read_LM35@adc_value              cstackCOMRAM 00005D
Read_MQ2_Sensor@Rs               cstackBANK1  0001C6
Read_MQ2_Sensor@adc_value        cstackBANK1  0001C0
Read_MQ2_Sensor@calibrated       bssBANK1     0001FB
Read_MQ2_Sensor@i                cstackBANK1  0001CE
Read_MQ2_Sensor@ppm              cstackBANK1  0001D4
Read_MQ2_Sensor@rs_ro_ratio      cstackBANK1  0001D8
Read_MQ2_Sensor@sum              cstackBANK1  0001CA
Read_MQ2_Sensor@temp_factor      cstackBANK1  0001B8
Read_MQ2_Sensor@voltage          cstackBANK1  0001C2
Send_Sensor_Data@buffer          cstackBANK1  000100
UART_Write@data                  cstackCOMRAM 000001
UART_Write_Text@text             cstackCOMRAM 000002
_ADCON0bits                      (abs)        000FC2
_ADCON1                          (abs)        000FC1
_ADCON2                          (abs)        000FC0
_ADC_Init                        text45       001AB8
_ADC_Read                        text42       001C04
_ADC_Read_Average                text43       00216E
_ADRESH                          (abs)        000FC4
_ADRESL                          (abs)        000FC3
_Calibrate_Flame_Sensor          text12       002800
_Calibrate_MQ2                   text9        002AE0
_MQ2_Ro                          dataBANK2    000291
_OSCCON                          (abs)        000FD3
_PIR1bits                        (abs)        000F9E
_PORTB                           (abs)        000F81
_PORTBbits                       (abs)        000F81
_RCREG                           (abs)        000FAE
_RCSTAbits                       (abs)        000FAB
_Read_Flame_Sensor               text11       003272
_Read_LM35                       text10       0022CA
_Read_LM35$1486                  cstackCOMRAM 000059
_Read_MQ2_Sensor                 text5        004A54
_Read_MQ2_Sensor$1487            cstackBANK1  0001BC
_Read_MQ2_Sensor$1488            cstackBANK1  0001D0
_SPBRG                           (abs)        000FAF
_Send_Sensor_Data                text4        001F70
_TRISA0                          (abs)        007C90
_TRISA1                          (abs)        007C91
_TRISA2                          (abs)        007C92
_TRISB                           (abs)        000F93
_TRISC6                          (abs)        007CA6
_TRISC7                          (abs)        007CA7
_TXREG                           (abs)        000FAD
_TXSTAbits                       (abs)        000FAC
_UART_Data_Ready                 text3        001ACA
_UART_Init                       text2        001ADE
_UART_Read                       text1        001B08
_UART_Write                      text41       001AF2
_UART_Write_Text                 text40       001E08
__HRAM                           (abs)        000000
__H__absolute__                  __absolute__ 000000
__Habs1                          abs1         000000
__Hbank0                         bank0        000000
__Hbank1                         bank1        000000
__Hbank2                         bank2        000000
__Hbank3                         bank3        000000
__Hbank4                         bank4        000000
__Hbank5                         bank5        000000
__Hbank6                         bank6        000000
__Hbank7                         bank7        000000
__Hbigbss                        bigbss       000000
__Hbigdata                       bigdata      000000
__Hbigram                        bigram       000000
__Hbigsfr                        bigsfr       000000
__Hbss                           bss          000000
__HbssBANK0                      bssBANK0     000000
__HbssBANK1                      bssBANK1     000000
__HbssBANK2                      bssBANK2     000000
__Hcinit                         cinit        000000
__Hclrtext                       clrtext      000000
__Hcomram                        comram       000000
__Hconfig                        config       30000E
__Hconst                         const        000000
__HcstackBANK0                   cstackBANK0  000000
__HcstackBANK1                   cstackBANK1  000000
__HcstackBANK2                   cstackBANK2  000000
__HcstackCOMRAM                  cstackCOMRAM 000000
__Hdata                          data         000000
__HdataBANK2                     dataBANK2    000000
__Heeprom_data                   eeprom_data  000000
__Hfarbss                        farbss       000000
__Hfardata                       fardata      000000
__Hheap                          heap         000000
__Hibigdata                      ibigdata     000000
__Hidata                         idata        000000
__HidataBANK2                    idataBANK2   000000
__Hidloc                         idloc        200008
__Hifardata                      ifardata     000000
__Hinit                          init         008000
__Hintcode                       intcode      000008
__Hintcode_body                  intcode_body 000000
__Hintcodelo                     intcodelo    000018
__Hintentry                      intentry     000000
__Hintret                        intret       000000
__Hintsave_regs                  intsave_regs 000000
__Hirdata                        irdata       000000
__Hmediumconst                   mediumconst  007FFC
__HnvFARRAM                      nvFARRAM     000000
__Hnvbit                         nvbit        000000
__Hnvrram                        nvrram       000000
__Hparam                         rparam       000000
__Hpowerup                       powerup      000000
__Hram                           ram          000000
__Hramtop                        ramtop       000800
__Hrbit                          rbit         000000
__Hrbss                          rbss         000000
__Hrdata                         rdata        000000
__Hreset_vec                     reset_vec    000004
__Hrparam                        rparam       000000
__Hsfr                           sfr          000000
__Hsivt_hi                       sivt_hi      000000
__Hsivt_lo                       sivt_lo      000018
__Hsmallconst                    smallconst   000000
__Hspace_0                       (abs)        008000
__Hspace_1                       (abs)        000295
__Hspace_2                       (abs)        000000
__Hspace_4                       (abs)        60000E
__Hstack                         stack        000000
__Hstruct                        struct       000000
__Htemp                          temp         000000
__Htext                          text         000000
__Htext0                         text0        000000
__Htext1                         text1        000000
__Htext10                        text10       000000
__Htext11                        text11       000000
__Htext12                        text12       000000
__Htext13                        text13       000000
__Htext14                        text14       000000
__Htext15                        text15       000000
__Htext16                        text16       000000
__Htext17                        text17       000000
__Htext18                        text18       000000
__Htext19                        text19       000000
__Htext2                         text2        000000
__Htext20                        text20       000000
__Htext21                        text21       000000
__Htext22                        text22       000000
__Htext23                        text23       000000
__Htext24                        text24       000000
__Htext25                        text25       000000
__Htext26                        text26       000000
__Htext27                        text27       000000
__Htext28                        text28       000000
__Htext29                        text29       000000
__Htext3                         text3        000000
__Htext30                        text30       000000
__Htext31                        text31       000000
__Htext32                        text32       000000
__Htext33                        text33       000000
__Htext34                        text34       000000
__Htext35                        text35       000000
__Htext36                        text36       000000
__Htext37                        text37       000000
__Htext38                        text38       000000
__Htext39                        text39       000000
__Htext4                         text4        000000
__Htext40                        text40       000000
__Htext41                        text41       000000
__Htext42                        text42       000000
__Htext43                        text43       000000
__Htext44                        text44       000000
__Htext45                        text45       000000
__Htext5                         text5        000000
__Htext6                         text6        000000
__Htext7                         text7        000000
__Htext8                         text8        000000
__Htext9                         text9        000000
__LRAM                           (abs)        000001
__L__absolute__                  __absolute__ 000000
__Labs1                          abs1         000000
__Lbank0                         bank0        000000
__Lbank1                         bank1        000000
__Lbank2                         bank2        000000
__Lbank3                         bank3        000000
__Lbank4                         bank4        000000
__Lbank5                         bank5        000000
__Lbank6                         bank6        000000
__Lbank7                         bank7        000000
__Lbigbss                        bigbss       000000
__Lbigdata                       bigdata      000000
__Lbigram                        bigram       000000
__Lbigsfr                        bigsfr       000000
__Lbss                           bss          000000
__LbssBANK0                      bssBANK0     000000
__LbssBANK1                      bssBANK1     000000
__LbssBANK2                      bssBANK2     000000
__Lcinit                         cinit        000000
__Lclrtext                       clrtext      000000
__Lcomram                        comram       000000
__Lconfig                        config       000000
__Lconst                         const        000000
__LcstackBANK0                   cstackBANK0  000000
__LcstackBANK1                   cstackBANK1  000000
__LcstackBANK2                   cstackBANK2  000000
__LcstackCOMRAM                  cstackCOMRAM 000000
__Ldata                          data         000000
__LdataBANK2                     dataBANK2    000000
__Leeprom_data                   eeprom_data  000000
__Lfarbss                        farbss       000000
__Lfardata                       fardata      000000
__Lheap                          heap         000000
__Libigdata                      ibigdata     000000
__Lidata                         idata        000000
__LidataBANK2                    idataBANK2   000000
__Lidloc                         idloc        000000
__Lifardata                      ifardata     000000
__Linit                          init         007FFC
__Lintcode                       intcode      000008
__Lintcode_body                  intcode_body 000000
__Lintcodelo                     intcodelo    000018
__Lintentry                      intentry     000000
__Lintret                        intret       000000
__Lintsave_regs                  intsave_regs 000000
__Lirdata                        irdata       000000
__Lmediumconst                   mediumconst  007DF2
__LnvFARRAM                      nvFARRAM     000000
__Lnvbit                         nvbit        000000
__Lnvrram                        nvrram       000000
__Lparam                         rparam       000000
__Lpowerup                       powerup      000000
__Lram                           ram          000000
__Lramtop                        ramtop       000800
__Lrbit                          rbit         000000
__Lrbss                          rbss         000000
__Lrdata                         rdata        000000
__Lreset_vec                     reset_vec    000000
__Lrparam                        rparam       000000
__Lsfr                           sfr          000000
__Lsivt_hi                       sivt_hi      000000
__Lsivt_lo                       sivt_lo      000018
__Lsmallconst                    smallconst   000000
__Lspace_0                       (abs)        000000
__Lspace_1                       (abs)        000000
__Lspace_2                       (abs)        000000
__Lspace_4                       (abs)        000000
__Lstack                         stack        000000
__Lstruct                        struct       000000
__Ltemp                          temp         000000
__Ltext                          text         000000
__Ltext0                         text0        000000
__Ltext1                         text1        000000
__Ltext10                        text10       000000
__Ltext11                        text11       000000
__Ltext12                        text12       000000
__Ltext13                        text13       000000
__Ltext14                        text14       000000
__Ltext15                        text15       000000
__Ltext16                        text16       000000
__Ltext17                        text17       000000
__Ltext18                        text18       000000
__Ltext19                        text19       000000
__Ltext2                         text2        000000
__Ltext20                        text20       000000
__Ltext21                        text21       000000
__Ltext22                        text22       000000
__Ltext23                        text23       000000
__Ltext24                        text24       000000
__Ltext25                        text25       000000
__Ltext26                        text26       000000
__Ltext27                        text27       000000
__Ltext28                        text28       000000
__Ltext29                        text29       000000
__Ltext3                         text3        000000
__Ltext30                        text30       000000
__Ltext31                        text31       000000
__Ltext32                        text32       000000
__Ltext33                        text33       000000
__Ltext34                        text34       000000
__Ltext35                        text35       000000
__Ltext36                        text36       000000
__Ltext37                        text37       000000
__Ltext38                        text38       000000
__Ltext39                        text39       000000
__Ltext4                         text4        000000
__Ltext40                        text40       000000
__Ltext41                        text41       000000
__Ltext42                        text42       000000
__Ltext43                        text43       000000
__Ltext44                        text44       000000
__Ltext45                        text45       000000
__Ltext5                         text5        000000
__Ltext6                         text6        000000
__Ltext7                         text7        000000
__Ltext8                         text8        000000
__Ltext9                         text9        000000
__S0                             (abs)        008000
__S1                             (abs)        000295
__S4                             (abs)        000000
__S5                             (abs)        000000
___awdiv                         text38       002436
___awdiv@counter                 cstackCOMRAM 000005
___awdiv@dividend                cstackCOMRAM 000001
___awdiv@divisor                 cstackCOMRAM 000003
___awdiv@quotient                cstackCOMRAM 000007
___awdiv@sign                    cstackCOMRAM 000006
___awmod                         text37       00221C
___awmod@counter                 cstackCOMRAM 000005
___awmod@dividend                cstackCOMRAM 000001
___awmod@divisor                 cstackCOMRAM 000003
___awmod@sign                    cstackCOMRAM 000006
___fladd                         text25       00459E
___fladd@a                       cstackCOMRAM 000013
___fladd@aexp                    cstackCOMRAM 00001C
___fladd@b                       cstackCOMRAM 00000F
___fladd@bexp                    cstackCOMRAM 00001D
___fladd@grs                     cstackCOMRAM 00001E
___fladd@signs                   cstackCOMRAM 00001B
___fldiv                         text30       003A0A
___fldiv@a                       cstackCOMRAM 000044
___fldiv@aexp                    cstackCOMRAM 000058
___fldiv@b                       cstackCOMRAM 000040
___fldiv@bexp                    cstackCOMRAM 000057
___fldiv@grs                     cstackCOMRAM 000053
___fldiv@new_exp                 cstackCOMRAM 000051
___fldiv@rem                     cstackCOMRAM 00004C
___fldiv@sign                    cstackCOMRAM 000050
___fleq                          text29       002018
___fleq@ff1                      cstackCOMRAM 000001
___fleq@ff2                      cstackCOMRAM 000005
___flge                          text28       0025F6
___flge@ff1                      cstackCOMRAM 000040
___flge@ff2                      cstackCOMRAM 000044
___flmul                         text27       004178
___flmul@a                       cstackCOMRAM 000023
___flmul@aexp                    cstackCOMRAM 00002C
___flmul@b                       cstackCOMRAM 00001F
___flmul@bexp                    cstackCOMRAM 000031
___flmul@grs                     cstackCOMRAM 00002D
___flmul@prod                    cstackCOMRAM 000032
___flmul@sign                    cstackCOMRAM 00002B
___flmul@temp                    cstackCOMRAM 000036
___flneg                         text26       001B54
___flneg@f1                      cstackCOMRAM 000001
___flsub                         text24       001C8C
___flsub@a                       cstackCOMRAM 00003C
___flsub@b                       cstackCOMRAM 000038
___fltol                         text23       0026FA
___fltol@exp1                    cstackCOMRAM 00000A
___fltol@f1                      cstackCOMRAM 000001
___fltol@sign1                   cstackCOMRAM 000009
___fpclassifyf                   text22       0024F8
___fpclassifyf@F465              bssBANK2     000218
___fpclassifyf@e                 cstackCOMRAM 000009
___fpclassifyf@u                 cstackCOMRAM 00000B
___fpclassifyf@x                 cstackCOMRAM 000001
___heap_hi                       (abs)        000000
___heap_lo                       (abs)        000000
___inthi_sp                      stack        000000
___inthi_stack_hi                stack        000000
___inthi_stack_lo                stack        000000
___intlo_sp                      stack        000000
___intlo_stack_hi                stack        000000
___intlo_stack_lo                stack        000000
___lldiv                         text44       001ECC
___lldiv@counter                 cstackCOMRAM 00000D
___lldiv@dividend                cstackCOMRAM 000001
___lldiv@divisor                 cstackCOMRAM 000005
___lldiv@quotient                cstackCOMRAM 000009
___param_bank                    (abs)        000000
___rparam_used                   (abs)        000001
___sp                            stack        000000
___stack_hi                      stack        000000
___stack_lo                      stack        000000
___xxtofl                        text39       002C74
___xxtofl@arg                    cstackCOMRAM 00000B
___xxtofl@exp                    cstackCOMRAM 00000A
___xxtofl@sign                   cstackCOMRAM 000009
___xxtofl@val                    cstackCOMRAM 000001
__accesstop                      (abs)        000060
__activetblptr                   (abs)        000002
__end_of_ADC_Init                text45       001ACA
__end_of_ADC_Read                text42       001C48
__end_of_ADC_Read_Average        text43       00221C
__end_of_Calibrate_Flame_Sensor  text12       002968
__end_of_Calibrate_MQ2           text9        002C74
__end_of_L1                      mediumconst  007E53
__end_of_L2                      mediumconst  007E4F
__end_of_L3                      mediumconst  007E4B
__end_of_L4                      mediumconst  007E47
__end_of_L5                      mediumconst  007E43
__end_of_L6                      mediumconst  007E3F
__end_of_P1                      mediumconst  007E3B
__end_of_P2                      mediumconst  007E37
__end_of_P3                      mediumconst  007E33
__end_of_P4                      mediumconst  007E2F
__end_of_P5                      mediumconst  007E2B
__end_of_Read_Flame_Sensor       text11       0034AC
__end_of_Read_LM35               text10       00237C
__end_of_Read_MQ2_Sensor         text5        004F52
__end_of_Send_Sensor_Data        text4        002018
__end_of_UART_Data_Ready         text3        001ADE
__end_of_UART_Init               text2        001AF2
__end_of_UART_Read               text1        001B20
__end_of_UART_Write              text41       001B08
__end_of_UART_Write_Text         text40       001E66
__end_of___awdiv                 text38       0024F8
__end_of___awmod                 text37       0022CA
__end_of___fladd                 text25       004A54
__end_of___fldiv                 text30       003D9A
__end_of___fleq                  text29       0020C2
__end_of___flge                  text28       0026FA
__end_of___flmul                 text27       00459E
__end_of___flneg                 text26       001B8C
__end_of___flsub                 text24       001CD2
__end_of___fltol                 text23       002800
__end_of___fpclassifyf           text22       0025F6
__end_of___lldiv                 text44       001F70
__end_of___xxtofl                text39       002E28
__end_of__initialization         cinit        001D58
__end_of_abs                     text36       001B54
__end_of_bp                      mediumconst  007E0B
__end_of_cp                      mediumconst  007E17
__end_of_cp_h                    mediumconst  007E63
__end_of_cp_l                    mediumconst  007E5F
__end_of_dp_h                    mediumconst  007E03
__end_of_dp_l                    mediumconst  007DFB
__end_of_dtoa                    text31       002AE0
__end_of_efgtoa                  text17       00593E
__end_of_floorf                  text21       00303E
__end_of_fputc                   text34       002436
__end_of_fputs                   text33       001C04
__end_of_ivln2                   mediumconst  007E13
__end_of_ivln2_h                 mediumconst  007E5B
__end_of_ivln2_l                 mediumconst  007E0F
__end_of_labs                    text20       001E08
__end_of_lg2                     mediumconst  007E27
__end_of_lg2_h                   mediumconst  007E23
__end_of_lg2_l                   mediumconst  007E1F
__end_of_main                    text0        003A0A
__end_of_memcpy                  text19       001DB2
__end_of_ovt                     mediumconst  007E1B
__end_of_pad                     text32       001ECC
__end_of_powf                    text6        007DF2
__end_of_putch                   text35       001AB4
__end_of_read_prec_or_width      text16       00216E
__end_of_scalbnf                 text8        003272
__end_of_sprintf                 text13       001C8C
__end_of_sqrtf                   text7        004178
__end_of_strcpy                  text18       001BC4
__end_of_two24                   mediumconst  007E57
__end_of_vfpfcnvrt               text15       003730
__end_of_vfprintf                text14       001D18
__initialization                 cinit        001D18
__mediumconst                    mediumconst  007DF2
__pbssBANK0                      bssBANK0     0000FD
__pbssBANK1                      bssBANK1     0001FA
__pbssBANK2                      bssBANK2     000200
__pcinit                         cinit        001D18
__pcstackBANK0                   cstackBANK0  000060
__pcstackBANK1                   cstackBANK1  000100
__pcstackBANK2                   cstackBANK2  000286
__pcstackCOMRAM                  cstackCOMRAM 000001
__pdataBANK2                     dataBANK2    000291
__pidataBANK2                    idataBANK2   001AB4
__pmediumconst                   mediumconst  007DF2
__ptext0                         text0        003730
__ptext1                         text1        001B08
__ptext10                        text10       0022CA
__ptext11                        text11       003272
__ptext12                        text12       002800
__ptext13                        text13       001C48
__ptext14                        text14       001CD2
__ptext15                        text15       0034AC
__ptext16                        text16       0020C2
__ptext17                        text17       004F52
__ptext18                        text18       001B8C
__ptext19                        text19       001D62
__ptext2                         text2        001ADE
__ptext20                        text20       001DB2
__ptext21                        text21       002E28
__ptext22                        text22       0024F8
__ptext23                        text23       0026FA
__ptext24                        text24       001C8C
__ptext25                        text25       00459E
__ptext26                        text26       001B54
__ptext27                        text27       004178
__ptext28                        text28       0025F6
__ptext29                        text29       002018
__ptext3                         text3        001ACA
__ptext30                        text30       003A0A
__ptext31                        text31       002968
__ptext32                        text32       001E66
__ptext33                        text33       001BC4
__ptext34                        text34       00237C
__ptext35                        text35       001AB2
__ptext36                        text36       001B20
__ptext37                        text37       00221C
__ptext38                        text38       002436
__ptext39                        text39       002C74
__ptext4                         text4        001F70
__ptext40                        text40       001E08
__ptext41                        text41       001AF2
__ptext42                        text42       001C04
__ptext43                        text43       00216E
__ptext44                        text44       001ECC
__ptext45                        text45       001AB8
__ptext5                         text5        004A54
__ptext6                         text6        00593E
__ptext7                         text7        003D9A
__ptext8                         text8        00303E
__ptext9                         text9        002AE0
__ramtop                         ramtop       000800
__smallconst                     mediumconst  007DF2
_abs                             text36       001B20
_alarm_active                    bssBANK2     000234
_bp                              mediumconst  007E03
_calibrationCounter              bssBANK2     00021C
_co_ppm                          bssBANK2     000220
_dbuf                            bssBANK2     000236
_dp_h                            mediumconst  007DFB
_dp_l                            mediumconst  007DF3
_dtoa                            text31       002968
_dtoa$993                        cstackCOMRAM 00001A
_efgtoa                          text17       004F52
_efgtoa$1024                     cstackBANK0  00007C
_errno                           bssBANK2     000230
_flags                           bssBANK1     0001FA
_flame_base_voltage              bssBANK2     000224
_flame_calibrated                bssBANK1     0001FE
_flame_detected                  bssBANK1     0001FD
_flame_intensity                 bssBANK2     000228
_floorf                          text21       002E28
_fputc                           text34       00237C
_fputs                           text33       001BC4
_labs                            text20       001DB2
_main                            text0        003730
_main$444                        cstackBANK2  000289
_memcpy                          text19       001D62
_mq2_history                     bssBANK2     000200
_mq2_history_index               bssBANK0     0000FF
_pad                             text32       001E66
_powf                            text6        00593E
_powf$1489                       cstackBANK1  000148
_powf$1490                       cstackBANK1  000158
_powf$1491                       cstackBANK1  00014C
_powf$1492                       cstackBANK1  00019C
_powf$1493                       cstackBANK1  000138
_powf$1494                       cstackBANK1  000100
_powf$1495                       cstackBANK1  000104
_powf$1496                       cstackBANK1  00015C
_powf$1497                       cstackBANK1  00013C
_powf$1498                       cstackBANK1  000140
_powf$1499                       cstackBANK1  000108
_powf$1500                       cstackBANK1  00010C
_powf$1501                       cstackBANK1  000110
_powf$1502                       cstackBANK1  000114
_powf$1503                       cstackBANK1  000118
_prec                            bssBANK0     0000FD
_pump_active                     bssBANK2     000235
_putch                           text35       001AB2
_read_prec_or_width              text16       0020C2
_scalbnf                         text8        00303E
_sprintf                         text13       001C48
_sqrtf                           text7        003D9A
_strcpy                          text18       001B8C
_temperature                     bssBANK2     00022C
_vfpfcnvrt                       text15       0034AC
_vfprintf                        text14       001CD2
_width                           bssBANK2     000232
abs@a                            cstackCOMRAM 000007
dtoa@d                           cstackCOMRAM 000018
dtoa@fp                          cstackCOMRAM 000017
dtoa@i                           cstackCOMRAM 000021
dtoa@p                           cstackCOMRAM 00001E
dtoa@s                           cstackCOMRAM 000020
dtoa@w                           cstackCOMRAM 00001C
efgtoa@c                         cstackBANK0  000075
efgtoa@d                         cstackBANK0  000081
efgtoa@e                         cstackBANK0  000085
efgtoa@f                         cstackBANK0  000071
efgtoa@fp                        cstackBANK0  000070
efgtoa@g                         cstackBANK0  000098
efgtoa@h                         cstackBANK0  00008F
efgtoa@i                         cstackBANK0  00008D
efgtoa@l                         cstackBANK0  000093
efgtoa@m                         cstackBANK0  000083
efgtoa@mode                      cstackBANK0  00007F
efgtoa@n                         cstackBANK0  00009C
efgtoa@ne                        cstackBANK0  000076
efgtoa@nmode                     cstackBANK0  000080
efgtoa@ou                        cstackBANK0  000089
efgtoa@p                         cstackBANK0  000078
efgtoa@pp                        cstackBANK0  00007E
efgtoa@sign                      cstackBANK0  000097
efgtoa@t                         cstackBANK0  00007A
efgtoa@u                         cstackBANK0  00009E
efgtoa@w                         cstackBANK0  000087
end_of_initialization            cinit        001D58
floorf@F521                      bssBANK2     000214
floorf@e                         cstackBANK0  00006A
floorf@m                         cstackBANK0  000066
floorf@u                         cstackBANK0  00006C
floorf@x                         cstackCOMRAM 000059
fputc@c                          cstackCOMRAM 000001
fputc@fp                         cstackCOMRAM 000003
fputs@c                          cstackCOMRAM 00000C
fputs@fp                         cstackCOMRAM 00000B
fputs@i                          cstackCOMRAM 00000D
fputs@s                          cstackCOMRAM 000009
intlevel0                        text         000000
intlevel1                        text         000000
intlevel2                        text         000000
intlevel3                        text         000000
isa$std                          (abs)        000001
isa$xinst                        (abs)        000000
labs@a                           cstackCOMRAM 000001
main@alarm_blink_counter         cstackBANK2  00028C
main@fire_alarm                  cstackBANK2  000288
main@i                           cstackBANK2  00028E
main@received_char               cstackBANK2  000290
main@sensor_counter              cstackBANK2  00028A
memcpy@d                         cstackCOMRAM 000008
memcpy@d1                        cstackCOMRAM 000001
memcpy@n                         cstackCOMRAM 000005
memcpy@s                         cstackCOMRAM 00000A
memcpy@s1                        cstackCOMRAM 000003
memcpy@tmp                       cstackCOMRAM 000007
pad@buf                          cstackCOMRAM 000010
pad@fp                           cstackCOMRAM 00000F
pad@i                            cstackCOMRAM 000015
pad@p                            cstackCOMRAM 000012
powf@ax                          cstackBANK1  000178
powf@hx                          cstackBANK1  000168
powf@hy                          cstackBANK1  000184
powf@i                           cstackBANK1  000128
powf@is                          cstackBANK1  000198
powf@ix                          cstackBANK1  0001AC
powf@iy                          cstackBANK1  000194
powf@j                           cstackBANK1  0001A8
powf@k                           cstackBANK1  0001A4
powf@n                           cstackBANK1  000188
powf@p_h                         cstackBANK1  0001A0
powf@p_l                         cstackBANK1  00016C
powf@r                           cstackBANK1  000150
powf@s                           cstackBANK1  000160
powf@s2                          cstackBANK1  000190
powf@s_h                         cstackBANK1  000174
powf@s_l                         cstackBANK1  000130
powf@sn                          cstackBANK1  000164
powf@t                           cstackBANK1  0001B0
powf@t1                          cstackBANK1  00018C
powf@t2                          cstackBANK1  00011C
powf@t_h                         cstackBANK1  000170
powf@t_l                         cstackBANK1  000134
powf@u                           cstackBANK1  00017C
powf@v                           cstackBANK1  000180
powf@w                           cstackBANK1  000144
powf@x                           cstackBANK0  000060
powf@y                           cstackBANK0  000064
powf@y1                          cstackBANK1  00012C
powf@yisint                      cstackBANK1  000154
powf@z                           cstackBANK1  0001B4
powf@z_h                         cstackBANK1  000120
powf@z_l                         cstackBANK1  000124
read_prec_or_width@ap            cstackCOMRAM 000002
read_prec_or_width@c             cstackCOMRAM 000005
read_prec_or_width@fmt           cstackCOMRAM 000001
read_prec_or_width@n             cstackCOMRAM 000006
scalbnf@n                        cstackCOMRAM 00003C
scalbnf@u                        cstackCOMRAM 000042
scalbnf@x                        cstackCOMRAM 000038
scalbnf@y                        cstackCOMRAM 000046
sprintf@ap                       cstackBANK0  0000CA
sprintf@f                        cstackBANK0  0000CB
sprintf@fmt                      cstackBANK0  0000B6
sprintf@s                        cstackBANK0  0000B4
sqrtf@i                          cstackCOMRAM 00000E
sqrtf@ix                         cstackCOMRAM 000022
sqrtf@m                          cstackCOMRAM 00001A
sqrtf@q                          cstackCOMRAM 000012
sqrtf@r                          cstackCOMRAM 00001E
sqrtf@s                          cstackCOMRAM 00000A
sqrtf@t                          cstackCOMRAM 000016
sqrtf@x                          cstackCOMRAM 000001
stackhi                          (abs)        000000
stacklo                          (abs)        000000
start                            init         007FFC
start_initialization             cinit        001D18
strcpy@d                         cstackCOMRAM 000005
strcpy@dest                      cstackCOMRAM 000001
strcpy@src                       cstackCOMRAM 000003
vfpfcnvrt@ap                     cstackBANK0  0000A4
vfpfcnvrt@c                      cstackBANK0  0000AB
vfpfcnvrt@convarg                cstackBANK0  0000A7
vfpfcnvrt@cp                     cstackBANK0  0000AC
vfpfcnvrt@fmt                    cstackBANK0  0000A3
vfpfcnvrt@fp                     cstackBANK0  0000A2
vfprintf@ap                      cstackBANK0  0000B1
vfprintf@cfmt                    cstackBANK0  0000B2
vfprintf@fmt                     cstackBANK0  0000AF
vfprintf@fp                      cstackBANK0  0000AE


MODULE INFORMATION

Module		Function		Class		Link	Load	Size
C:\Program Files\Microchip\xc8\v3.00\pic\sources\c99\common\flge.c
		___flge        		CODE           	25F6	0000	260

C:\Program Files\Microchip\xc8\v3.00\pic\sources\c99\common\flge.c estimated size: 260

C:\Program Files\Microchip\xc8\v3.00\pic\sources\c99\common\abs.c
		_abs           		CODE           	1B20	0000	52

C:\Program Files\Microchip\xc8\v3.00\pic\sources\c99\common\abs.c estimated size: 52

C:\Program Files\Microchip\xc8\v3.00\pic\sources\c99\common\nf_fputc.c
		_fputc         		CODE           	237C	0000	186

C:\Program Files\Microchip\xc8\v3.00\pic\sources\c99\common\nf_fputc.c estimated size: 186

C:\Program Files\Microchip\xc8\v3.00\pic\sources\c99\common\memcpy.c
		_memcpy        		CODE           	1D62	0000	80

C:\Program Files\Microchip\xc8\v3.00\pic\sources\c99\common\memcpy.c estimated size: 80

C:\Program Files\Microchip\xc8\v3.00\pic\sources\c99\common\flneg.c
		___flneg       		CODE           	1B54	0000	56

C:\Program Files\Microchip\xc8\v3.00\pic\sources\c99\common\flneg.c estimated size: 56

C:\Program Files\Microchip\xc8\v3.00\pic\sources\c99\common\__fpclassifyf.c
		___fpclassifyf 		CODE           	24F8	0000	254

C:\Program Files\Microchip\xc8\v3.00\pic\sources\c99\common\__fpclassifyf.c estimated size: 254

C:\Program Files\Microchip\xc8\v3.00\pic\sources\c99\common\nf_sprintf.c
		_sprintf       		CODE           	1C48	0000	68

C:\Program Files\Microchip\xc8\v3.00\pic\sources\c99\common\nf_sprintf.c estimated size: 68

newmain.c
		_Read_Flame_Sensor		CODE           	3272	0000	570
		_Read_MQ2_Sensor		CODE           	4A54	0000	1278
		_UART_Read     		CODE           	1B08	0000	24
		_UART_Data_Ready		CODE           	1ACA	0000	20
		_UART_Init     		CODE           	1ADE	0000	20
		_main          		CODE           	3730	0000	730
		_Read_LM35     		CODE           	22CA	0000	178
		_Calibrate_Flame_Sensor		CODE           	2800	0000	360
		_UART_Write_Text		CODE           	1E08	0000	94
		_Calibrate_MQ2 		CODE           	2AE0	0000	404
		_UART_Write    		CODE           	1AF2	0000	22
		_ADC_Read      		CODE           	1C04	0000	68
		_ADC_Init      		CODE           	1AB8	0000	18
		_Send_Sensor_Data		CODE           	1F70	0000	168
		_ADC_Read_Average		CODE           	216E	0000	174

newmain.c estimated size: 4128

C:\Program Files\Microchip\xc8\v3.00\pic\sources\c99\common\awmod.c
		___awmod       		CODE           	221C	0000	174

C:\Program Files\Microchip\xc8\v3.00\pic\sources\c99\common\awmod.c estimated size: 174

C:\Program Files\Microchip\xc8\v3.00\pic\sources\c99\common\floorf.c
		_floorf        		CODE           	2E28	0000	534

C:\Program Files\Microchip\xc8\v3.00\pic\sources\c99\common\floorf.c estimated size: 534

C:\Program Files\Microchip\xc8\v3.00\pic\sources\c99\common\putch.c
		_putch         		CODE           	1AB2	0000	2

C:\Program Files\Microchip\xc8\v3.00\pic\sources\c99\common\putch.c estimated size: 2

C:\Program Files\Microchip\xc8\v3.00\pic\sources\c99\common\fleq.c
		___fleq        		CODE           	2018	0000	170

C:\Program Files\Microchip\xc8\v3.00\pic\sources\c99\common\fleq.c estimated size: 170

C:\Program Files\Microchip\xc8\v3.00\pic\sources\c99\common\sprcmul.c
		___flmul       		CODE           	4178	0000	1062

C:\Program Files\Microchip\xc8\v3.00\pic\sources\c99\common\sprcmul.c estimated size: 1062

C:\Program Files\Microchip\xc8\v3.00\pic\sources\c99\common\__lldiv.c
		___lldiv       		CODE           	1ECC	0000	164

C:\Program Files\Microchip\xc8\v3.00\pic\sources\c99\common\__lldiv.c estimated size: 164

C:\Program Files\Microchip\xc8\v3.00\pic\sources\c99\common\sprcdiv.c
		___fldiv       		CODE           	3A0A	0000	912

C:\Program Files\Microchip\xc8\v3.00\pic\sources\c99\common\sprcdiv.c estimated size: 912

shared
		_L5            		MEDIUMCONST    	0000	0000	0
		_P3            		MEDIUMCONST    	0000	0000	0
		_L6            		MEDIUMCONST    	0000	0000	0
		_P4            		MEDIUMCONST    	0000	0000	0
		_P5            		MEDIUMCONST    	0000	0000	0
		_lg2_l         		MEDIUMCONST    	0000	0000	0
		_ivln2_l       		MEDIUMCONST    	0000	0000	0
		_ivln2         		MEDIUMCONST    	0000	0000	0
		__initialization		CODE           	1D18	0000	64
		_bp            		MEDIUMCONST    	7E03	0000	8
		_cp            		MEDIUMCONST    	0000	0000	0
		_cp_h          		MEDIUMCONST    	0000	0000	0
		_dp_h          		MEDIUMCONST    	7DFB	0000	8
		_lg2           		MEDIUMCONST    	0000	0000	0
		_lg2_h         		MEDIUMCONST    	0000	0000	0
		_ivln2_h       		MEDIUMCONST    	0000	0000	0
		_ovt           		MEDIUMCONST    	0000	0000	0
		_two24         		MEDIUMCONST    	0000	0000	0
		_cp_l          		MEDIUMCONST    	0000	0000	0
		_dp_l          		MEDIUMCONST    	7DF3	0000	8
		_L1            		MEDIUMCONST    	0000	0000	0
		_L2            		MEDIUMCONST    	0000	0000	0
		_L3            		MEDIUMCONST    	0000	0000	0
		_P1            		MEDIUMCONST    	0000	0000	0
		_L4            		MEDIUMCONST    	0000	0000	0
		_P2            		MEDIUMCONST    	0000	0000	0

shared estimated size: 88

C:\Program Files\Microchip\xc8\v3.00\pic\sources\c99\common\xxtofl.c
		___xxtofl      		CODE           	2C74	0000	436

C:\Program Files\Microchip\xc8\v3.00\pic\sources\c99\common\xxtofl.c estimated size: 436

C:\Program Files\Microchip\xc8\v3.00\pic\sources\c99\common\nf_fputs.c
		_fputs         		CODE           	1BC4	0000	64

C:\Program Files\Microchip\xc8\v3.00\pic\sources\c99\common\nf_fputs.c estimated size: 64

C:\Program Files\Microchip\xc8\v3.00\pic\sources\c99\common\scalbnf.c
		_scalbnf       		CODE           	303E	0000	564

C:\Program Files\Microchip\xc8\v3.00\pic\sources\c99\common\scalbnf.c estimated size: 564

C:\Program Files\Microchip\xc8\v3.00\pic\sources\c99\common\strcpy.c
		_strcpy        		CODE           	1B8C	0000	56

C:\Program Files\Microchip\xc8\v3.00\pic\sources\c99\common\strcpy.c estimated size: 56

C:\Program Files\Microchip\xc8\v3.00\pic\sources\c99\common\powf.c
		_powf          		CODE           	593E	0000	9396

C:\Program Files\Microchip\xc8\v3.00\pic\sources\c99\common\powf.c estimated size: 9396

C:\Program Files\Microchip\xc8\v3.00\pic\sources\c99\common\sqrtf.c
		_sqrtf         		CODE           	3D9A	0000	990

C:\Program Files\Microchip\xc8\v3.00\pic\sources\c99\common\sqrtf.c estimated size: 990

C:\Program Files\Microchip\xc8\v3.00\pic\sources\c99\common\awdiv.c
		___awdiv       		CODE           	2436	0000	194

C:\Program Files\Microchip\xc8\v3.00\pic\sources\c99\common\awdiv.c estimated size: 194

C:\Program Files\Microchip\xc8\v3.00\pic\sources\c99\common\fltol.c
		___fltol       		CODE           	26FA	0000	262

C:\Program Files\Microchip\xc8\v3.00\pic\sources\c99\common\fltol.c estimated size: 262

C:\Program Files\Microchip\xc8\v3.00\pic\sources\c99\common\labs.c
		_labs          		CODE           	1DB2	0000	86

C:\Program Files\Microchip\xc8\v3.00\pic\sources\c99\common\labs.c estimated size: 86

C:\Program Files\Microchip\xc8\v3.00\pic\sources\c99\common\doprnt.c
		_read_prec_or_width		CODE           	20C2	0000	172
		_vfpfcnvrt     		CODE           	34AC	0000	644
		_efgtoa        		CODE           	4F52	0000	2540
		_pad           		CODE           	1E66	0000	102
		_dtoa          		CODE           	2968	0000	376
		_vfprintf      		CODE           	1CD2	0000	70

C:\Program Files\Microchip\xc8\v3.00\pic\sources\c99\common\doprnt.c estimated size: 3904

C:\Program Files\Microchip\xc8\v3.00\pic\sources\c99\common\sprcadd.c
		___flsub       		CODE           	1C8C	0000	70
		___fladd       		CODE           	459E	0000	1206

C:\Program Files\Microchip\xc8\v3.00\pic\sources\c99\common\sprcadd.c estimated size: 1276

