Microchip MPLAB XC8 Compiler V3.00

Linker command line:

-W-3 \
  --edf=C:\Program Files\Microchip\xc8\v3.00\pic\dat\20241204225717_en.msgs \
  -cn -h+dist/default/production\Proyecto_Code.X.production.sym \
  --cmf=dist/default/production\Proyecto_Code.X.production.cmf -z -Q18F4550 \
  -oC:\Users\HECTOR~1\AppData\Local\Temp\xcAs4p0.\driver_tmp_3.o \
  --defsym=__MPLAB_BUILD=1 --fixupoverflow=error \
  -Mdist/default/production/Proyecto_Code.X.production.map \
  --md=C:\Users\HECTOR~1\AppData\Local\Temp\xcAs4p0.\driver_tmp_0.dat -E1 \
  -ver=XC8 Compiler -ACODE=00h-07FFFh -ACONST=00h-07FFFh \
  -ASMALLCONST=0800h-08FFhx120 -AMEDIUMCONST=0800h-07FFFh -ACOMRAM=01h-05Fh \
  -AABS1=00h-07FFh -ABIGRAM=01h-07FFh -ARAM=060h-0FFh,0100h-01FFhx7 \
  -ABANK0=060h-0FFh -ABANK1=0100h-01FFh -ABANK2=0200h-02FFh \
  -ABANK3=0300h-03FFh -ABANK4=0400h-04FFh -ABANK5=0500h-05FFh \
  -ABANK6=0600h-06FFh -ABANK7=0700h-07FFh -ASFR=0F60h-0FFFh \
  -ABIGSFR=0F60h-0FFFh -ACONFIG=0300000h-030000Dh -AIDLOC=0200000h-0200007h \
  -AEEDATA=0F00000h-0F000FFh -peeprom_data=EEDATA \
  -preset_vec=00h,intcode=8h,intcodelo=18h,sivt_lo,sivt_hi=CODE \
  -ppowerup=CODE,init -pramtop=0800h -psmallconst=SMALLCONST \
  -pmediumconst=MEDIUMCONST -pconst=CONST -AFARRAM=00h-00h \
  -prdata=COMRAM,nvrram=COMRAM,nvbit=COMRAM,rbss=COMRAM,rbit=COMRAM \
  -pfarbss=FARRAM,fardata=FARRAM,nvFARRAM=FARRAM \
  -pintsave_regs=BIGRAM,bigbss=BIGRAM,bigdata=BIGRAM -pbss=RAM \
  -pidata=CODE,irdata=CODE,ibigdata=CODE,ifardata=CODE -prparam=COMRAM \
  C:\Users\HECTOR~1\AppData\Local\Temp\xcAs4p0.\driver_tmp_14.o \
  dist/default/production\Proyecto_Code.X.production.o 

Object code version is 3.11

Machine type is 18F4550



                Name                               Link     Load   Length Selector   Space Scale
C:\Users\HECTOR~1\AppData\Local\Temp\xcAs4p0.\driver_tmp_14.o
                idloc                            200000   200000        8        0       5
                config                           300000   300000        E        0       4
                init                                  E        E        4        4       0
                reset_vec                             0        0        4        0       0
dist/default/production\Proyecto_Code.X.production.o
                intcode                               8        8        6        4       0
                idloc                            200000   200000        8        0       5
                config                           300000   300000        E        0       4
                temp                                 5F       5F        1        1       1
                mediumconst                        7E5A     7E5A      1A6     3F2D       0
                intcode_body                       71B4     71B4       1C        4       0
                text55                             7210     7210       12        4       0
                text54                             388E     388E      4B6        4       0
                text53                             4548     4548      390        4       0
                text52                             3D44     3D44      426        4       0
                text51                             54CC     54CC      1B4        4       0
                text50                             5CD4     5CD4      132        4       0
                text49                             6CFA     6CFA       7A        4       0
                text48                             6164     6164      10A        4       0
                text47                             6676     6676       EA        4       0
                text46                             7180     7180       34        4       0
                text45                             7236     7236        2        4       0
                text44                             6910     6910       BA        4       0
                text43                             70D0     70D0       40        4       0
                text42                             6E5E     6E5E       66        4       0
                text41                             5680     5680      1A4        4       0
                text40                             6B24     6B24       AA        4       0
                text39                             6374     6374      104        4       0
                text38                             7148     7148       38        4       0
                text37                             7004     7004       46        4       0
                text36                             626E     626E      106        4       0
                text35                             6578     6578       FE        4       0
                text34                             50E6     50E6      216        4       0
                text33                             6EC4     6EC4       56        4       0
                text32                             6F6C     6F6C       50        4       0
                text31                             7110     7110       38        4       0
                text30                             24C4     24C4      9EC        4       0
                text29                             6A78     6A78       AC        4       0
                text28                             6478     6478      100        4       0
                text27                             6BCE     6BCE       A4        4       0
                text26                             6C72     6C72       88        4       0
                text25                             604C     604C      118        4       0
                text24                             2EB0     2EB0      50C        4       0
                text23                             6FBC     6FBC       48        4       0
                text22                             704A     704A       44        4       0
                text21                             5824     5824      1A0        4       0
                text20                             6842     6842       CE        4       0
                text19                             7222     7222       10        4       0
                text18                             708E     708E       42        4       0
                text17                             6DEC     6DEC       72        4       0
                text16                             5E06     5E06      12E        4       0
                text15                             4C58     4C58      25A        4       0
                text14                             59C4     59C4      196        4       0
                text13                             5B5A     5B5A      17A        4       0
                text12                             4EB2     4EB2      234        4       0
                text11                             416A     416A      3DE        4       0
                text10                               12       12     24B2        4       0
                text9                              33BC     33BC      4D2        4       0
                text8                              6760     6760       E2        4       0
                text7                              5F34     5F34      118        4       0
                text6                              6D74     6D74       78        4       0
                text5                              71FC     71FC       14        4       0
                text4                              71E8     71E8       14        4       0
                text3                              71D0     71D0       18        4       0
                text2                              52FC     52FC      1D0        4       0
                text1                              69CA     69CA       AE        4       0
                text0                              48D8     48D8      380        4       0
                cstackCOMRAM                          1        1       5E        1       1
                cstackBANK0                          60       60       8B       60       1
                cstackBANK1                         100      100       CC      100       1
                cstackBANK2                         2B5      2B5        5      200       1
                bssBANK2                            200      200       B5      200       1
                dataBANK1                           1F9      1F9        4      100       1
                bssBANK1                            1CC      1CC       2D      100       1
                bssBANK0                             EB       EB       13       60       1
                cinit                              6F1A     6F1A       52        4       0
                idataBANK1                         7232     7232        4        4       0

TOTAL           Name                               Link     Load   Length     Space
        CLASS   CODE           
                intcode                               8        8        6         0
                init                                  E        E        4         0
                reset_vec                             0        0        4         0
                intcode_body                       71B4     71B4       1C         0
                text55                             7210     7210       12         0
                text54                             388E     388E      4B6         0
                text53                             4548     4548      390         0
                text52                             3D44     3D44      426         0
                text51                             54CC     54CC      1B4         0
                text50                             5CD4     5CD4      132         0
                text49                             6CFA     6CFA       7A         0
                text48                             6164     6164      10A         0
                text47                             6676     6676       EA         0
                text46                             7180     7180       34         0
                text45                             7236     7236        2         0
                text44                             6910     6910       BA         0
                text43                             70D0     70D0       40         0
                text42                             6E5E     6E5E       66         0
                text41                             5680     5680      1A4         0
                text40                             6B24     6B24       AA         0
                text39                             6374     6374      104         0
                text38                             7148     7148       38         0
                text37                             7004     7004       46         0
                text36                             626E     626E      106         0
                text35                             6578     6578       FE         0
                text34                             50E6     50E6      216         0
                text33                             6EC4     6EC4       56         0
                text32                             6F6C     6F6C       50         0
                text31                             7110     7110       38         0
                text30                             24C4     24C4      9EC         0
                text29                             6A78     6A78       AC         0
                text28                             6478     6478      100         0
                text27                             6BCE     6BCE       A4         0
                text26                             6C72     6C72       88         0
                text25                             604C     604C      118         0
                text24                             2EB0     2EB0      50C         0
                text23                             6FBC     6FBC       48         0
                text22                             704A     704A       44         0
                text21                             5824     5824      1A0         0
                text20                             6842     6842       CE         0
                text19                             7222     7222       10         0
                text18                             708E     708E       42         0
                text17                             6DEC     6DEC       72         0
                text16                             5E06     5E06      12E         0
                text15                             4C58     4C58      25A         0
                text14                             59C4     59C4      196         0
                text13                             5B5A     5B5A      17A         0
                text12                             4EB2     4EB2      234         0
                text11                             416A     416A      3DE         0
                text10                               12       12     24B2         0
                text9                              33BC     33BC      4D2         0
                text8                              6760     6760       E2         0
                text7                              5F34     5F34      118         0
                text6                              6D74     6D74       78         0
                text5                              71FC     71FC       14         0
                text4                              71E8     71E8       14         0
                text3                              71D0     71D0       18         0
                text2                              52FC     52FC      1D0         0
                text1                              69CA     69CA       AE         0
                text0                              48D8     48D8      380         0
                cinit                              6F1A     6F1A       52         0
                idataBANK1                         7232     7232        4         0

        CLASS   CONST          

        CLASS   SMALLCONST     

        CLASS   MEDIUMCONST    
                mediumconst                        7E5A     7E5A      1A6         0

        CLASS   COMRAM         
                temp                                 5F       5F        1         1
                cstackCOMRAM                          1        1       5E         1

        CLASS   ABS1           

        CLASS   BIGRAM         

        CLASS   RAM            

        CLASS   BANK0          
                cstackBANK0                          60       60       8B         1
                bssBANK0                             EB       EB       13         1

        CLASS   BANK1          
                cstackBANK1                         100      100       CC         1
                dataBANK1                           1F9      1F9        4         1
                bssBANK1                            1CC      1CC       2D         1

        CLASS   BANK2          
                cstackBANK2                         2B5      2B5        5         1
                bssBANK2                            200      200       B5         1

        CLASS   BANK3          

        CLASS   BANK4          

        CLASS   BANK5          

        CLASS   BANK6          

        CLASS   BANK7          

        CLASS   SFR            

        CLASS   BIGSFR         

        CLASS   CONFIG         
                config                           300000   300000        E         4

        CLASS   IDLOC          
                idloc                            200000   200000        8         5

        CLASS   EEDATA         

        CLASS   FARRAM         

        CLASS   HEAP           

        CLASS   STACK          



SEGMENTS        Name                           Load    Length   Top    Selector   Space  Class

                reset_vec                      000000  000004  000004         0       0  CODE    
                cstackCOMRAM                   000001  00005F  000060         1       1  COMRAM  
                intcode                        000008  007230  007238         4       0  CODE    
                cstackBANK0                    000060  00009E  0000FE        60       1  BANK0   
                cstackBANK1                    000100  0000FD  0001FD       100       1  BANK1   
                bssBANK2                       000200  0000BA  0002BA       200       1  BANK2   
                mediumconst                    007E5A  0001A6  008000      3F2D       0  MEDIUMCO


UNUSED ADDRESS RANGES

        Name                Unused          Largest block    Delta
        BANK0            0000FE-0000FF                2
        BANK1            0001FD-0001FF                3
        BANK2            0002BA-0002FF               46
        BANK3            000300-0003FF              100
        BANK4            000400-0004FF              100
        BANK5            000500-0005FF              100
        BANK6            000600-0006FF              100
        BANK7            000700-0007FF              100
        BIGRAM           0000FE-0000FF                2
                         0001FD-0001FF                3
                         0002BA-0007FF              546
        BIGSFR           000F60-000FFF               A0
        CODE             000004-000007                4
                         007238-007E59              C22
        CONST            000004-000007                4
                         007238-007E59              C22
        EEDATA           F00000-F000FF              100
        MEDIUMCONST      007238-007E59              C22
        RAM              0000FE-0000FF                2
                         0001FD-0001FF                3
                         0002BA-0007FF              100
        SFR              000F60-000FFF               A0
        SMALLCONST       007238-007E59              100

                                  Symbol Table

?_ADC_Read                       cstackCOMRAM 000001
?_ADC_Read_Average               cstackCOMRAM 00000E
?___aldiv                        cstackCOMRAM 000001
?___almod                        cstackCOMRAM 000001
?___awmod                        cstackCOMRAM 000001
?___fladd                        cstackCOMRAM 00000F
?___fldiv                        cstackCOMRAM 000040
?___flmul                        cstackCOMRAM 00001F
?___flneg                        cstackCOMRAM 000001
?___flsub                        cstackCOMRAM 000038
?___fltol                        cstackCOMRAM 000001
?___fpclassifyf                  cstackCOMRAM 000001
?___lldiv                        cstackCOMRAM 000001
?___llmod                        cstackCOMRAM 000001
?___xxtofl                       cstackCOMRAM 000001
?_abs                            cstackCOMRAM 00000B
?_floorf                         cstackCOMRAM 000059
?_labs                           cstackCOMRAM 000001
?_powf                           cstackBANK0  000060
?_read_prec_or_width             cstackCOMRAM 000001
?_scalbnf                        cstackCOMRAM 000038
?_sprintf                        cstackBANK0  0000B6
?_sqrtf                          cstackCOMRAM 000001
?_vfprintf                       cstackBANK0  0000B0
ADC_Read@channel                 cstackCOMRAM 000005
ADC_Read_Average@channel         cstackCOMRAM 000010
ADC_Read_Average@i               cstackCOMRAM 000015
ADC_Read_Average@samples         cstackCOMRAM 00000E
ADC_Read_Average@sum             cstackCOMRAM 000011
Calculate_Flow@last_calc_time    bssBANK2     00025D
Calculate_Flow@last_pulse_count  bssBANK1     0001F0
Calculate_Flow@pulses            cstackCOMRAM 00005D
Calibrate_Flame_Sensor@adc_value cstackBANK0  000060
Calibrate_Flame_Sensor@i         cstackBANK0  000066
Calibrate_Flame_Sensor@sum       cstackBANK0  000062
Calibrate_MQ2@Rs                 cstackBANK0  000060
Calibrate_MQ2@adc_value          cstackBANK0  000064
Calibrate_MQ2@i                  cstackBANK0  00006E
Calibrate_MQ2@sum                cstackBANK0  00006A
Calibrate_MQ2@voltage            cstackBANK0  000066
End_Event@event_buffer           cstackBANK1  000100
End_Event@event_type_str         cstackBANK1  0001C8
End_Event@i                      cstackBANK1  0001CA
Read_Flame_Sensor@adc_value      cstackBANK0  00006B
Read_Flame_Sensor@intensity      cstackBANK0  000071
Read_Flame_Sensor@last_detected  bssBANK0     0000F7
Read_Flame_Sensor@voltage        cstackBANK0  000067
Read_LM35@adc_value              cstackBANK0  000068
Read_LM35@i                      cstackBANK0  00006A
Read_LM35@raw_temp               cstackBANK0  000060
Read_MQ2_Sensor@Rs               cstackBANK0  000083
Read_MQ2_Sensor@adc_value        cstackBANK0  000079
Read_MQ2_Sensor@calibrated       bssBANK1     0001F3
Read_MQ2_Sensor@i                cstackBANK0  00008B
Read_MQ2_Sensor@ppm              cstackBANK0  000091
Read_MQ2_Sensor@rs_ro_ratio      cstackBANK0  00008D
Read_MQ2_Sensor@temp_factor      cstackBANK0  000071
Read_MQ2_Sensor@voltage          cstackBANK0  00007F
Send_Event_Data@event_buffer     cstackBANK1  000100
Send_Event_Data@event_type_str   cstackBANK1  000167
Send_Event_Data@i                cstackBANK1  000165
Send_Event_Data@type             cstackBANK1  000164
Send_Sensor_Data@buffer          cstackBANK1  000100
Send_Sensor_Data@i               cstackBANK1  0001C8
Start_Event@type                 cstackBANK0  0000E6
Update_Actuators@co_alarm        cstackCOMRAM 000051
Update_Actuators@last_blink      bssBANK2     000259
Update_Actuators@temp_alarm      cstackCOMRAM 000050
_ADCON0bits                      (abs)        000FC2
_ADCON1                          (abs)        000FC1
_ADCON2                          (abs)        000FC0
_ADC_Init                        text55       007210
_ADC_Read                        text18       00708E
_ADC_Read_Average                text17       006DEC
_ADRESH                          (abs)        000FC4
_ADRESL                          (abs)        000FC3
_Calculate_Flow                  text50       005CD4
_Calibrate_Flame_Sensor          text16       005E06
_Calibrate_MQ2                   text13       005B5A
_Check_Flow_Reset                text49       006CFA
_End_Event                       text21       005824
_Handle_Test_Command             text20       006842
_HighISR                         intcode      000008
_INTCON2bits                     (abs)        000FF1
_INTCON3bits                     (abs)        000FF0
_INTCONbits                      (abs)        000FF2
_Interrupt_Init                  text19       007222
_MQ2_Ro                          dataBANK1    0001F9
_OSCCON                          (abs)        000FD3
_PIR1bits                        (abs)        000F9E
_PORTB                           (abs)        000F81
_PORTBbits                       (abs)        000F81
_RCONbits                        (abs)        000FD0
_RCREG                           (abs)        000FAE
_RCSTAbits                       (abs)        000FAB
_Read_Flame_Sensor               text15       004C58
_Read_Flame_Sensor$806           cstackBANK0  00006D
_Read_LM35                       text14       0059C4
_Read_LM35$1889                  cstackBANK0  000064
_Read_MQ2_Sensor                 text9        0033BC
_Read_MQ2_Sensor$1890            cstackBANK0  000075
_Read_MQ2_Sensor$1891            cstackBANK0  000087
_Read_MQ2_Sensor$815             cstackBANK0  00007B
_SPBRG                           (abs)        000FAF
_Send_Event_Data                 text7        005F34
_Send_Sensor_Data                text8        006760
_Start_Event                     text6        006D74
_TRISA0                          (abs)        007C90
_TRISA1                          (abs)        007C91
_TRISA2                          (abs)        007C92
_TRISB                           (abs)        000F93
_TRISBbits                       (abs)        000F93
_TRISC6                          (abs)        007CA6
_TRISC7                          (abs)        007CA7
_TXREG                           (abs)        000FAD
_TXSTAbits                       (abs)        000FAC
_UART_Data_Ready                 text5        0071FC
_UART_Init                       text4        0071E8
_UART_Read                       text3        0071D0
_Update_Actuators                text2        0052FC
_Update_Actuators$824            cstackCOMRAM 000052
__HRAM                           (abs)        000000
__H__absolute__                  __absolute__ 000000
__Habs1                          abs1         000000
__Hbank0                         bank0        000000
__Hbank1                         bank1        000000
__Hbank2                         bank2        000000
__Hbank3                         bank3        000000
__Hbank4                         bank4        000000
__Hbank5                         bank5        000000
__Hbank6                         bank6        000000
__Hbank7                         bank7        000000
__Hbigbss                        bigbss       000000
__Hbigdata                       bigdata      000000
__Hbigram                        bigram       000000
__Hbigsfr                        bigsfr       000000
__Hbss                           bss          000000
__HbssBANK0                      bssBANK0     000000
__HbssBANK1                      bssBANK1     000000
__HbssBANK2                      bssBANK2     000000
__Hcinit                         cinit        000000
__Hclrtext                       clrtext      000000
__Hcomram                        comram       000000
__Hconfig                        config       30000E
__Hconst                         const        000000
__HcstackBANK0                   cstackBANK0  000000
__HcstackBANK1                   cstackBANK1  000000
__HcstackBANK2                   cstackBANK2  000000
__HcstackCOMRAM                  cstackCOMRAM 000000
__Hdata                          data         000000
__HdataBANK1                     dataBANK1    000000
__Heeprom_data                   eeprom_data  000000
__Hfarbss                        farbss       000000
__Hfardata                       fardata      000000
__Hheap                          heap         000000
__Hibigdata                      ibigdata     000000
__Hidata                         idata        000000
__HidataBANK1                    idataBANK1   000000
__Hidloc                         idloc        200008
__Hifardata                      ifardata     000000
__Hinit                          init         000012
__Hintcode                       intcode      00000E
__Hintcode_body                  intcode_body 000000
__Hintcodelo                     intcodelo    000018
__Hintentry                      intentry     000000
__Hintret                        intret       000000
__Hintsave_regs                  intsave_regs 000000
__Hirdata                        irdata       000000
__Hmediumconst                   mediumconst  008000
__HnvFARRAM                      nvFARRAM     000000
__Hnvbit                         nvbit        000000
__Hnvrram                        nvrram       000000
__Hparam                         rparam       000000
__Hpowerup                       powerup      000000
__Hram                           ram          000000
__Hramtop                        ramtop       000800
__Hrbit                          rbit         000000
__Hrbss                          rbss         000000
__Hrdata                         rdata        000000
__Hreset_vec                     reset_vec    000004
__Hrparam                        rparam       000000
__Hsfr                           sfr          000000
__Hsivt_hi                       sivt_hi      000000
__Hsivt_lo                       sivt_lo      000018
__Hsmallconst                    smallconst   000000
__Hspace_0                       (abs)        008000
__Hspace_1                       (abs)        0002BA
__Hspace_2                       (abs)        000000
__Hspace_4                       (abs)        60000E
__Hstack                         stack        000000
__Hstruct                        struct       000000
__Htemp                          temp         000060
__Htext                          text         000000
__Htext0                         text0        000000
__Htext1                         text1        000000
__Htext10                        text10       000000
__Htext11                        text11       000000
__Htext12                        text12       000000
__Htext13                        text13       000000
__Htext14                        text14       000000
__Htext15                        text15       000000
__Htext16                        text16       000000
__Htext17                        text17       000000
__Htext18                        text18       000000
__Htext19                        text19       000000
__Htext2                         text2        000000
__Htext20                        text20       000000
__Htext21                        text21       000000
__Htext22                        text22       000000
__Htext23                        text23       000000
__Htext24                        text24       000000
__Htext25                        text25       000000
__Htext26                        text26       000000
__Htext27                        text27       000000
__Htext28                        text28       000000
__Htext29                        text29       000000
__Htext3                         text3        000000
__Htext30                        text30       000000
__Htext31                        text31       000000
__Htext32                        text32       000000
__Htext33                        text33       000000
__Htext34                        text34       000000
__Htext35                        text35       000000
__Htext36                        text36       000000
__Htext37                        text37       000000
__Htext38                        text38       000000
__Htext39                        text39       000000
__Htext4                         text4        000000
__Htext40                        text40       000000
__Htext41                        text41       000000
__Htext42                        text42       000000
__Htext43                        text43       000000
__Htext44                        text44       000000
__Htext45                        text45       000000
__Htext46                        text46       000000
__Htext47                        text47       000000
__Htext48                        text48       000000
__Htext49                        text49       000000
__Htext5                         text5        000000
__Htext50                        text50       000000
__Htext51                        text51       000000
__Htext52                        text52       000000
__Htext53                        text53       000000
__Htext54                        text54       000000
__Htext55                        text55       000000
__Htext6                         text6        000000
__Htext7                         text7        000000
__Htext8                         text8        000000
__Htext9                         text9        000000
__LRAM                           (abs)        000001
__L__absolute__                  __absolute__ 000000
__Labs1                          abs1         000000
__Lbank0                         bank0        000000
__Lbank1                         bank1        000000
__Lbank2                         bank2        000000
__Lbank3                         bank3        000000
__Lbank4                         bank4        000000
__Lbank5                         bank5        000000
__Lbank6                         bank6        000000
__Lbank7                         bank7        000000
__Lbigbss                        bigbss       000000
__Lbigdata                       bigdata      000000
__Lbigram                        bigram       000000
__Lbigsfr                        bigsfr       000000
__Lbss                           bss          000000
__LbssBANK0                      bssBANK0     000000
__LbssBANK1                      bssBANK1     000000
__LbssBANK2                      bssBANK2     000000
__Lcinit                         cinit        000000
__Lclrtext                       clrtext      000000
__Lcomram                        comram       000000
__Lconfig                        config       000000
__Lconst                         const        000000
__LcstackBANK0                   cstackBANK0  000000
__LcstackBANK1                   cstackBANK1  000000
__LcstackBANK2                   cstackBANK2  000000
__LcstackCOMRAM                  cstackCOMRAM 000000
__Ldata                          data         000000
__LdataBANK1                     dataBANK1    000000
__Leeprom_data                   eeprom_data  000000
__Lfarbss                        farbss       000000
__Lfardata                       fardata      000000
__Lheap                          heap         000000
__Libigdata                      ibigdata     000000
__Lidata                         idata        000000
__LidataBANK1                    idataBANK1   000000
__Lidloc                         idloc        000000
__Lifardata                      ifardata     000000
__Linit                          init         00000E
__Lintcode                       intcode      000008
__Lintcode_body                  intcode_body 000000
__Lintcodelo                     intcodelo    000018
__Lintentry                      intentry     000000
__Lintret                        intret       000000
__Lintsave_regs                  intsave_regs 000000
__Lirdata                        irdata       000000
__Lmediumconst                   mediumconst  007E5A
__LnvFARRAM                      nvFARRAM     000000
__Lnvbit                         nvbit        000000
__Lnvrram                        nvrram       000000
__Lparam                         rparam       000000
__Lpowerup                       powerup      000000
__Lram                           ram          000000
__Lramtop                        ramtop       000800
__Lrbit                          rbit         000000
__Lrbss                          rbss         000000
__Lrdata                         rdata        000000
__Lreset_vec                     reset_vec    000000
__Lrparam                        rparam       000000
__Lsfr                           sfr          000000
__Lsivt_hi                       sivt_hi      000000
__Lsivt_lo                       sivt_lo      000018
__Lsmallconst                    smallconst   000000
__Lspace_0                       (abs)        000000
__Lspace_1                       (abs)        000000
__Lspace_2                       (abs)        000000
__Lspace_4                       (abs)        000000
__Lstack                         stack        000000
__Lstruct                        struct       000000
__Ltemp                          temp         00005F
__Ltext                          text         000000
__Ltext0                         text0        000000
__Ltext1                         text1        000000
__Ltext10                        text10       000000
__Ltext11                        text11       000000
__Ltext12                        text12       000000
__Ltext13                        text13       000000
__Ltext14                        text14       000000
__Ltext15                        text15       000000
__Ltext16                        text16       000000
__Ltext17                        text17       000000
__Ltext18                        text18       000000
__Ltext19                        text19       000000
__Ltext2                         text2        000000
__Ltext20                        text20       000000
__Ltext21                        text21       000000
__Ltext22                        text22       000000
__Ltext23                        text23       000000
__Ltext24                        text24       000000
__Ltext25                        text25       000000
__Ltext26                        text26       000000
__Ltext27                        text27       000000
__Ltext28                        text28       000000
__Ltext29                        text29       000000
__Ltext3                         text3        000000
__Ltext30                        text30       000000
__Ltext31                        text31       000000
__Ltext32                        text32       000000
__Ltext33                        text33       000000
__Ltext34                        text34       000000
__Ltext35                        text35       000000
__Ltext36                        text36       000000
__Ltext37                        text37       000000
__Ltext38                        text38       000000
__Ltext39                        text39       000000
__Ltext4                         text4        000000
__Ltext40                        text40       000000
__Ltext41                        text41       000000
__Ltext42                        text42       000000
__Ltext43                        text43       000000
__Ltext44                        text44       000000
__Ltext45                        text45       000000
__Ltext46                        text46       000000
__Ltext47                        text47       000000
__Ltext48                        text48       000000
__Ltext49                        text49       000000
__Ltext5                         text5        000000
__Ltext50                        text50       000000
__Ltext51                        text51       000000
__Ltext52                        text52       000000
__Ltext53                        text53       000000
__Ltext54                        text54       000000
__Ltext55                        text55       000000
__Ltext6                         text6        000000
__Ltext7                         text7        000000
__Ltext8                         text8        000000
__Ltext9                         text9        000000
__S0                             (abs)        008000
__S1                             (abs)        0002BA
__S4                             (abs)        000000
__S5                             (abs)        000000
___aldiv                         text48       006164
___aldiv@counter                 cstackCOMRAM 000009
___aldiv@dividend                cstackCOMRAM 000001
___aldiv@divisor                 cstackCOMRAM 000005
___aldiv@quotient                cstackCOMRAM 00000B
___aldiv@sign                    cstackCOMRAM 00000A
___almod                         text47       006676
___almod@counter                 cstackCOMRAM 000009
___almod@dividend                cstackCOMRAM 000001
___almod@divisor                 cstackCOMRAM 000005
___almod@sign                    cstackCOMRAM 00000A
___awmod                         text1        0069CA
___awmod@counter                 cstackCOMRAM 000005
___awmod@dividend                cstackCOMRAM 000001
___awmod@divisor                 cstackCOMRAM 000003
___awmod@sign                    cstackCOMRAM 000006
___fladd                         text54       00388E
___fladd@a                       cstackCOMRAM 000013
___fladd@aexp                    cstackCOMRAM 00001C
___fladd@b                       cstackCOMRAM 00000F
___fladd@bexp                    cstackCOMRAM 00001D
___fladd@grs                     cstackCOMRAM 00001E
___fladd@signs                   cstackCOMRAM 00001B
___fldiv                         text53       004548
___fldiv@a                       cstackCOMRAM 000044
___fldiv@aexp                    cstackCOMRAM 000058
___fldiv@b                       cstackCOMRAM 000040
___fldiv@bexp                    cstackCOMRAM 000057
___fldiv@grs                     cstackCOMRAM 000053
___fldiv@new_exp                 cstackCOMRAM 000051
___fldiv@rem                     cstackCOMRAM 00004C
___fldiv@sign                    cstackCOMRAM 000050
___fleq                          text40       006B24
___fleq@ff1                      cstackCOMRAM 000001
___fleq@ff2                      cstackCOMRAM 000005
___flge                          text39       006374
___flge@ff1                      cstackCOMRAM 000040
___flge@ff2                      cstackCOMRAM 000044
___flmul                         text52       003D44
___flmul@a                       cstackCOMRAM 000023
___flmul@aexp                    cstackCOMRAM 00002C
___flmul@b                       cstackCOMRAM 00001F
___flmul@bexp                    cstackCOMRAM 000031
___flmul@grs                     cstackCOMRAM 00002D
___flmul@prod                    cstackCOMRAM 000032
___flmul@sign                    cstackCOMRAM 00002B
___flmul@temp                    cstackCOMRAM 000036
___flneg                         text38       007148
___flneg@f1                      cstackCOMRAM 000001
___flsub                         text37       007004
___flsub@a                       cstackCOMRAM 00003C
___flsub@b                       cstackCOMRAM 000038
___fltol                         text36       00626E
___fltol@exp1                    cstackCOMRAM 00000A
___fltol@f1                      cstackCOMRAM 000001
___fltol@sign1                   cstackCOMRAM 000009
___fpclassifyf                   text35       006578
___fpclassifyf@F465              bssBANK2     000255
___fpclassifyf@e                 cstackCOMRAM 000009
___fpclassifyf@u                 cstackCOMRAM 00000B
___fpclassifyf@x                 cstackCOMRAM 000001
___heap_hi                       (abs)        000000
___heap_lo                       (abs)        000000
___inthi_sp                      stack        000000
___inthi_stack_hi                stack        000000
___inthi_stack_lo                stack        000000
___intlo_sp                      stack        000000
___intlo_stack_hi                stack        000000
___intlo_stack_lo                stack        000000
___lldiv                         text27       006BCE
___lldiv@counter                 cstackCOMRAM 00000D
___lldiv@dividend                cstackCOMRAM 000001
___lldiv@divisor                 cstackCOMRAM 000005
___lldiv@quotient                cstackCOMRAM 000009
___llmod                         text26       006C72
___llmod@counter                 cstackCOMRAM 000009
___llmod@dividend                cstackCOMRAM 000001
___llmod@divisor                 cstackCOMRAM 000005
___param_bank                    (abs)        000000
___rparam_used                   (abs)        000001
___sp                            stack        000000
___stack_hi                      stack        000000
___stack_lo                      stack        000000
___xxtofl                        text51       0054CC
___xxtofl@arg                    cstackCOMRAM 00000B
___xxtofl@exp                    cstackCOMRAM 00000A
___xxtofl@sign                   cstackCOMRAM 000009
___xxtofl@val                    cstackCOMRAM 000001
__accesstop                      (abs)        000060
__activetblptr                   (abs)        000002
__end_of_ADC_Init                text55       007222
__end_of_ADC_Read                text18       0070D0
__end_of_ADC_Read_Average        text17       006E5E
__end_of_Calculate_Flow          text50       005E06
__end_of_Calibrate_Flame_Sensor  text16       005F34
__end_of_Calibrate_MQ2           text13       005CD4
__end_of_Check_Flow_Reset        text49       006D74
__end_of_End_Event               text21       0059C4
__end_of_Handle_Test_Command     text20       006910
__end_of_HighISR                 intcode_body 0071D0
__end_of_Interrupt_Init          text19       007232
__end_of_L1                      mediumconst  007EBB
__end_of_L2                      mediumconst  007EB7
__end_of_L3                      mediumconst  007EB3
__end_of_L4                      mediumconst  007EAF
__end_of_L5                      mediumconst  007EAB
__end_of_L6                      mediumconst  007EA7
__end_of_P1                      mediumconst  007EA3
__end_of_P2                      mediumconst  007E9F
__end_of_P3                      mediumconst  007E9B
__end_of_P4                      mediumconst  007E97
__end_of_P5                      mediumconst  007E93
__end_of_Read_Flame_Sensor       text15       004EB2
__end_of_Read_LM35               text14       005B5A
__end_of_Read_MQ2_Sensor         text9        00388E
__end_of_Send_Event_Data         text7        00604C
__end_of_Send_Sensor_Data        text8        006842
__end_of_Start_Event             text6        006DEC
__end_of_TEST_BLINK_INTERVAL     mediumconst  007EC3
__end_of_TEST_DURATION           mediumconst  007EC7
__end_of_UART_Data_Ready         text5        007210
__end_of_UART_Init               text4        0071FC
__end_of_UART_Read               text3        0071E8
__end_of_Update_Actuators        text2        0054CC
__end_of___aldiv                 text48       00626E
__end_of___almod                 text47       006760
__end_of___awmod                 text1        006A78
__end_of___fladd                 text54       003D44
__end_of___fldiv                 text53       0048D8
__end_of___fleq                  text40       006BCE
__end_of___flge                  text39       006478
__end_of___flmul                 text52       00416A
__end_of___flneg                 text38       007180
__end_of___flsub                 text37       00704A
__end_of___fltol                 text36       006374
__end_of___fpclassifyf           text35       006676
__end_of___lldiv                 text27       006C72
__end_of___llmod                 text26       006CFA
__end_of___xxtofl                text51       005680
__end_of__initialization         cinit        006F5E
__end_of_abs                     text46       0071B4
__end_of_bp                      mediumconst  007E73
__end_of_cp                      mediumconst  007E7F
__end_of_cp_h                    mediumconst  007ED3
__end_of_cp_l                    mediumconst  007ECF
__end_of_dp_h                    mediumconst  007E6B
__end_of_dp_l                    mediumconst  007E63
__end_of_dtoa                    text41       005824
__end_of_efgtoa                  text30       002EB0
__end_of_floorf                  text34       0052FC
__end_of_fputc                   text44       0069CA
__end_of_fputs                   text43       007110
__end_of_ivln2                   mediumconst  007E7B
__end_of_ivln2_h                 mediumconst  007ECB
__end_of_ivln2_l                 mediumconst  007E77
__end_of_labs                    text33       006F1A
__end_of_lg2                     mediumconst  007E8F
__end_of_lg2_h                   mediumconst  007E8B
__end_of_lg2_l                   mediumconst  007E87
__end_of_main                    text0        004C58
__end_of_memcpy                  text32       006FBC
__end_of_ovt                     mediumconst  007E83
__end_of_pad                     text42       006EC4
__end_of_powf                    text10       0024C4
__end_of_putch                   text45       007238
__end_of_read_prec_or_width      text29       006B24
__end_of_scalbnf                 text12       0050E6
__end_of_sprintf                 text22       00708E
__end_of_sqrtf                   text11       004548
__end_of_stoa                    text28       006578
__end_of_strcpy                  text31       007148
__end_of_two24                   mediumconst  007EBF
__end_of_utoa                    text25       006164
__end_of_vfpfcnvrt               text24       0033BC
__end_of_vfprintf                text23       007004
__initialization                 cinit        006F1A
__mediumconst                    mediumconst  007E5A
__pbssBANK0                      bssBANK0     0000EB
__pbssBANK1                      bssBANK1     0001CC
__pbssBANK2                      bssBANK2     000200
__pcinit                         cinit        006F1A
__pcstackBANK0                   cstackBANK0  000060
__pcstackBANK1                   cstackBANK1  000100
__pcstackBANK2                   cstackBANK2  0002B5
__pcstackCOMRAM                  cstackCOMRAM 000001
__pdataBANK1                     dataBANK1    0001F9
__pidataBANK1                    idataBANK1   007232
__pintcode                       intcode      000008
__pintcode_body                  intcode_body 0071B4
__pmediumconst                   mediumconst  007E5A
__ptext0                         text0        0048D8
__ptext1                         text1        0069CA
__ptext10                        text10       000012
__ptext11                        text11       00416A
__ptext12                        text12       004EB2
__ptext13                        text13       005B5A
__ptext14                        text14       0059C4
__ptext15                        text15       004C58
__ptext16                        text16       005E06
__ptext17                        text17       006DEC
__ptext18                        text18       00708E
__ptext19                        text19       007222
__ptext2                         text2        0052FC
__ptext20                        text20       006842
__ptext21                        text21       005824
__ptext22                        text22       00704A
__ptext23                        text23       006FBC
__ptext24                        text24       002EB0
__ptext25                        text25       00604C
__ptext26                        text26       006C72
__ptext27                        text27       006BCE
__ptext28                        text28       006478
__ptext29                        text29       006A78
__ptext3                         text3        0071D0
__ptext30                        text30       0024C4
__ptext31                        text31       007110
__ptext32                        text32       006F6C
__ptext33                        text33       006EC4
__ptext34                        text34       0050E6
__ptext35                        text35       006578
__ptext36                        text36       00626E
__ptext37                        text37       007004
__ptext38                        text38       007148
__ptext39                        text39       006374
__ptext4                         text4        0071E8
__ptext40                        text40       006B24
__ptext41                        text41       005680
__ptext42                        text42       006E5E
__ptext43                        text43       0070D0
__ptext44                        text44       006910
__ptext45                        text45       007236
__ptext46                        text46       007180
__ptext47                        text47       006676
__ptext48                        text48       006164
__ptext49                        text49       006CFA
__ptext5                         text5        0071FC
__ptext50                        text50       005CD4
__ptext51                        text51       0054CC
__ptext52                        text52       003D44
__ptext53                        text53       004548
__ptext54                        text54       00388E
__ptext55                        text55       007210
__ptext6                         text6        006D74
__ptext7                         text7        005F34
__ptext8                         text8        006760
__ptext9                         text9        0033BC
__ramtop                         ramtop       000800
__smallconst                     mediumconst  007E5A
_abs                             text46       007180
_alarm_active                    bssBANK1     0001F6
_bp                              mediumconst  007E6B
_calibrationCounter              bssBANK1     0001D8
_co_filter                       bssBANK2     000200
_co_ppm                          bssBANK0     0000EB
_current_event                   bssBANK2     000238
_dbuf                            bssBANK2     000265
_dp_h                            mediumconst  007E63
_dp_l                            mediumconst  007E5B
_dtoa                            text41       005680
_dtoa$1396                       cstackCOMRAM 00001C
_efgtoa                          text30       0024C4
_efgtoa$1427                     cstackBANK0  00007C
_errno                           bssBANK1     0001EC
_event_active                    bssBANK0     0000F8
_filter_index                    bssBANK0     0000FB
_fire_alarm                      bssBANK0     0000FC
_flags                           bssBANK1     0001F2
_flame_base_voltage              bssBANK1     0001E4
_flame_calibrated                bssBANK1     0001F8
_flame_detected                  bssBANK0     0000FD
_flame_intensity                 bssBANK1     0001E8
_floorf                          text34       0050E6
_flow_rate                       bssBANK1     0001E0
_fputc                           text44       006910
_fputs                           text43       0070D0
_labs                            text33       006EC4
_last_flow_reset_time            bssBANK1     0001CC
_main                            text0        0048D8
_memcpy                          text32       006F6C
_pad                             text42       006E5E
_powf                            text10       000012
_powf$1892                       cstackBANK1  000148
_powf$1893                       cstackBANK1  000158
_powf$1894                       cstackBANK1  00014C
_powf$1895                       cstackBANK1  00019C
_powf$1896                       cstackBANK1  000138
_powf$1897                       cstackBANK1  000100
_powf$1898                       cstackBANK1  000104
_powf$1899                       cstackBANK1  00015C
_powf$1900                       cstackBANK1  00013C
_powf$1901                       cstackBANK1  000140
_powf$1902                       cstackBANK1  000108
_powf$1903                       cstackBANK1  00010C
_powf$1904                       cstackBANK1  000110
_powf$1905                       cstackBANK1  000114
_powf$1906                       cstackBANK1  000118
_prec                            bssBANK0     0000F3
_prev_fire_alarm                 bssBANK1     0001F5
_pulse_count                     bssBANK0     0000F5
_pump_active                     bssBANK1     0001F7
_putch                           text45       007236
_read_prec_or_width              text29       006A78
_scalbnf                         text12       004EB2
_shutdown_system                 bssBANK0     0000FA
_sprintf                         text22       00704A
_sqrtf                           text11       00416A
_stoa                            text28       006478
_strcpy                          text31       007110
_system_millis                   bssBANK1     0001D0
_system_started                  bssBANK1     0001F4
_temp_filter                     bssBANK2     00021C
_temperature                     bssBANK0     0000EF
_test_last_toggle                bssBANK2     000261
_test_start_time                 bssBANK1     0001D4
_total_flow                      bssBANK1     0001DC
_trigger_test                    bssBANK0     0000F9
_utoa                            text25       00604C
_vfpfcnvrt                       text24       002EB0
_vfprintf                        text23       006FBC
_width                           bssBANK1     0001EE
abs@a                            cstackCOMRAM 00000B
btemp                            temp         00005F
dtoa@d                           cstackCOMRAM 000018
dtoa@fp                          cstackCOMRAM 000017
dtoa@i                           cstackCOMRAM 000023
dtoa@p                           cstackCOMRAM 000020
dtoa@s                           cstackCOMRAM 000022
dtoa@w                           cstackCOMRAM 00001E
efgtoa@c                         cstackBANK0  000075
efgtoa@d                         cstackBANK0  000081
efgtoa@e                         cstackBANK0  000085
efgtoa@f                         cstackBANK0  000071
efgtoa@fp                        cstackBANK0  000070
efgtoa@g                         cstackBANK0  000098
efgtoa@h                         cstackBANK0  00008F
efgtoa@i                         cstackBANK0  00008D
efgtoa@l                         cstackBANK0  000093
efgtoa@m                         cstackBANK0  000083
efgtoa@mode                      cstackBANK0  00007F
efgtoa@n                         cstackBANK0  00009C
efgtoa@ne                        cstackBANK0  000076
efgtoa@nmode                     cstackBANK0  000080
efgtoa@ou                        cstackBANK0  000089
efgtoa@p                         cstackBANK0  000078
efgtoa@pp                        cstackBANK0  00007E
efgtoa@sign                      cstackBANK0  000097
efgtoa@t                         cstackBANK0  00007A
efgtoa@u                         cstackBANK0  00009E
efgtoa@w                         cstackBANK0  000087
end_of_initialization            cinit        006F5E
floorf@F521                      bssBANK2     000251
floorf@e                         cstackBANK0  00006A
floorf@m                         cstackBANK0  000066
floorf@u                         cstackBANK0  00006C
floorf@x                         cstackCOMRAM 000059
fputc@c                          cstackCOMRAM 000001
fputc@fp                         cstackCOMRAM 000003
fputs@c                          cstackCOMRAM 00000C
fputs@fp                         cstackCOMRAM 00000B
fputs@i                          cstackCOMRAM 00000D
fputs@s                          cstackCOMRAM 000009
int$flags                        temp         00005F
int_func                         intcode_body 0071B4
intlevel0                        text         000000
intlevel1                        text         000000
intlevel2                        text         000000
intlevel3                        text         000000
isa$std                          (abs)        000001
isa$xinst                        (abs)        000000
labs@a                           cstackCOMRAM 000001
main@cmd                         cstackBANK2  0002B5
main@i                           cstackBANK2  0002B8
main@sensor_counter              cstackBANK2  0002B6
memcpy@d                         cstackCOMRAM 000008
memcpy@d1                        cstackCOMRAM 000001
memcpy@n                         cstackCOMRAM 000005
memcpy@s                         cstackCOMRAM 00000A
memcpy@s1                        cstackCOMRAM 000003
memcpy@tmp                       cstackCOMRAM 000007
pad@buf                          cstackCOMRAM 000010
pad@fp                           cstackCOMRAM 00000F
pad@i                            cstackCOMRAM 000015
pad@p                            cstackCOMRAM 000012
powf@ax                          cstackBANK1  000178
powf@hx                          cstackBANK1  000168
powf@hy                          cstackBANK1  000184
powf@i                           cstackBANK1  000128
powf@is                          cstackBANK1  000198
powf@ix                          cstackBANK1  0001AC
powf@iy                          cstackBANK1  000194
powf@j                           cstackBANK1  0001A8
powf@k                           cstackBANK1  0001A4
powf@n                           cstackBANK1  000188
powf@p_h                         cstackBANK1  0001A0
powf@p_l                         cstackBANK1  00016C
powf@r                           cstackBANK1  000150
powf@s                           cstackBANK1  000160
powf@s2                          cstackBANK1  000190
powf@s_h                         cstackBANK1  000174
powf@s_l                         cstackBANK1  000130
powf@sn                          cstackBANK1  000164
powf@t                           cstackBANK1  0001B0
powf@t1                          cstackBANK1  00018C
powf@t2                          cstackBANK1  00011C
powf@t_h                         cstackBANK1  000170
powf@t_l                         cstackBANK1  000134
powf@u                           cstackBANK1  00017C
powf@v                           cstackBANK1  000180
powf@w                           cstackBANK1  000144
powf@x                           cstackBANK0  000060
powf@y                           cstackBANK0  000064
powf@y1                          cstackBANK1  00012C
powf@yisint                      cstackBANK1  000154
powf@z                           cstackBANK1  0001B4
powf@z_h                         cstackBANK1  000120
powf@z_l                         cstackBANK1  000124
read_prec_or_width@ap            cstackCOMRAM 000002
read_prec_or_width@c             cstackCOMRAM 000005
read_prec_or_width@fmt           cstackCOMRAM 000001
read_prec_or_width@n             cstackCOMRAM 000006
scalbnf@n                        cstackCOMRAM 00003C
scalbnf@u                        cstackCOMRAM 000042
scalbnf@x                        cstackCOMRAM 000038
scalbnf@y                        cstackCOMRAM 000046
sprintf@ap                       cstackBANK0  0000D8
sprintf@f                        cstackBANK0  0000D9
sprintf@fmt                      cstackBANK0  0000B8
sprintf@s                        cstackBANK0  0000B6
sqrtf@i                          cstackCOMRAM 00000E
sqrtf@ix                         cstackCOMRAM 000022
sqrtf@m                          cstackCOMRAM 00001A
sqrtf@q                          cstackCOMRAM 000012
sqrtf@r                          cstackCOMRAM 00001E
sqrtf@s                          cstackCOMRAM 00000A
sqrtf@t                          cstackCOMRAM 000016
sqrtf@x                          cstackCOMRAM 000001
stackhi                          (abs)        000000
stacklo                          (abs)        000000
start                            init         00000E
start_initialization             cinit        006F1A
stoa@cp                          cstackCOMRAM 000010
stoa@fp                          cstackCOMRAM 000009
stoa@l                           cstackCOMRAM 000012
stoa@p                           cstackCOMRAM 00000E
stoa@s                           cstackCOMRAM 00000A
strcpy@d                         cstackCOMRAM 000005
strcpy@dest                      cstackCOMRAM 000001
strcpy@src                       cstackCOMRAM 000003
ttemp5                           temp         000060
ttemp6                           temp         000063
ttemp7                           temp         000067
utoa@d                           cstackCOMRAM 000018
utoa@fp                          cstackCOMRAM 000017
utoa@i                           cstackCOMRAM 000020
utoa@p                           cstackCOMRAM 00001E
utoa@w                           cstackCOMRAM 00001C
vfpfcnvrt@ap                     cstackBANK0  0000A4
vfpfcnvrt@c                      cstackBANK0  0000AD
vfpfcnvrt@convarg                cstackBANK0  0000A9
vfpfcnvrt@cp                     cstackBANK0  0000AE
vfpfcnvrt@done                   cstackBANK0  0000A8
vfpfcnvrt@fmt                    cstackBANK0  0000A3
vfpfcnvrt@fp                     cstackBANK0  0000A2
vfprintf@ap                      cstackBANK0  0000B3
vfprintf@cfmt                    cstackBANK0  0000B4
vfprintf@fmt                     cstackBANK0  0000B1
vfprintf@fp                      cstackBANK0  0000B0
wtemp8                           temp         000060


MODULE INFORMATION

Module		Function		Class		Link	Load	Size
C:\Program Files\Microchip\xc8\v3.00\pic\sources\c99\common\flge.c
		___flge        		CODE           	6374	0000	260

C:\Program Files\Microchip\xc8\v3.00\pic\sources\c99\common\flge.c estimated size: 260

C:\Program Files\Microchip\xc8\v3.00\pic\sources\c99\common\abs.c
		_abs           		CODE           	7180	0000	52

C:\Program Files\Microchip\xc8\v3.00\pic\sources\c99\common\abs.c estimated size: 52

C:\Program Files\Microchip\xc8\v3.00\pic\sources\c99\common\nf_fputc.c
		_fputc         		CODE           	6910	0000	186

C:\Program Files\Microchip\xc8\v3.00\pic\sources\c99\common\nf_fputc.c estimated size: 186

C:\Program Files\Microchip\xc8\v3.00\pic\sources\c99\common\memcpy.c
		_memcpy        		CODE           	6F6C	0000	80

C:\Program Files\Microchip\xc8\v3.00\pic\sources\c99\common\memcpy.c estimated size: 80

C:\Program Files\Microchip\xc8\v3.00\pic\sources\c99\common\flneg.c
		___flneg       		CODE           	7148	0000	56

C:\Program Files\Microchip\xc8\v3.00\pic\sources\c99\common\flneg.c estimated size: 56

C:\Program Files\Microchip\xc8\v3.00\pic\sources\c99\common\__fpclassifyf.c
		___fpclassifyf 		CODE           	6578	0000	254

C:\Program Files\Microchip\xc8\v3.00\pic\sources\c99\common\__fpclassifyf.c estimated size: 254

C:\Program Files\Microchip\xc8\v3.00\pic\sources\c99\common\nf_sprintf.c
		_sprintf       		CODE           	704A	0000	68

C:\Program Files\Microchip\xc8\v3.00\pic\sources\c99\common\nf_sprintf.c estimated size: 68

newmain.c
		_Read_Flame_Sensor		CODE           	4C58	0000	602
		_Read_MQ2_Sensor		CODE           	33BC	0000	1234
		_UART_Read     		CODE           	71D0	0000	24
		_UART_Data_Ready		CODE           	71FC	0000	20
		_Send_Event_Data		CODE           	5F34	0000	280
		_UART_Init     		CODE           	71E8	0000	20
		_main          		CODE           	48D8	0000	896
		_Check_Flow_Reset		CODE           	6CFA	0000	122
		_Update_Actuators		CODE           	52FC	0000	464
		_Calculate_Flow		CODE           	5CD4	0000	306
		_Read_LM35     		CODE           	59C4	0000	406
		_Calibrate_Flame_Sensor		CODE           	5E06	0000	302
		_Calibrate_MQ2 		CODE           	5B5A	0000	378
		_Interrupt_Init		CODE           	7222	0000	16
		_Start_Event   		CODE           	6D74	0000	120
		_End_Event     		CODE           	5824	0000	416
		_Handle_Test_Command		CODE           	6842	0000	206
		_ADC_Read      		CODE           	708E	0000	66
		_ADC_Init      		CODE           	7210	0000	18
		_Send_Sensor_Data		CODE           	6760	0000	226
		_ADC_Read_Average		CODE           	6DEC	0000	114
		_HighISR       		CODE           	0008	0000	34

newmain.c estimated size: 6270

C:\Program Files\Microchip\xc8\v3.00\pic\sources\c99\common\awmod.c
		___awmod       		CODE           	69CA	0000	174

C:\Program Files\Microchip\xc8\v3.00\pic\sources\c99\common\awmod.c estimated size: 174

C:\Program Files\Microchip\xc8\v3.00\pic\sources\c99\common\floorf.c
		_floorf        		CODE           	50E6	0000	534

C:\Program Files\Microchip\xc8\v3.00\pic\sources\c99\common\floorf.c estimated size: 534

C:\Program Files\Microchip\xc8\v3.00\pic\sources\c99\common\putch.c
		_putch         		CODE           	7236	0000	2

C:\Program Files\Microchip\xc8\v3.00\pic\sources\c99\common\putch.c estimated size: 2

C:\Program Files\Microchip\xc8\v3.00\pic\sources\c99\common\fleq.c
		___fleq        		CODE           	6B24	0000	170

C:\Program Files\Microchip\xc8\v3.00\pic\sources\c99\common\fleq.c estimated size: 170

C:\Program Files\Microchip\xc8\v3.00\pic\sources\c99\common\llmod.c
		___llmod       		CODE           	6C72	0000	136

C:\Program Files\Microchip\xc8\v3.00\pic\sources\c99\common\llmod.c estimated size: 136

C:\Program Files\Microchip\xc8\v3.00\pic\sources\c99\common\sprcmul.c
		___flmul       		CODE           	3D44	0000	1062

C:\Program Files\Microchip\xc8\v3.00\pic\sources\c99\common\sprcmul.c estimated size: 1062

C:\Program Files\Microchip\xc8\v3.00\pic\sources\c99\common\almod.c
		___almod       		CODE           	6676	0000	234

C:\Program Files\Microchip\xc8\v3.00\pic\sources\c99\common\almod.c estimated size: 234

C:\Program Files\Microchip\xc8\v3.00\pic\sources\c99\common\__lldiv.c
		___lldiv       		CODE           	6BCE	0000	164

C:\Program Files\Microchip\xc8\v3.00\pic\sources\c99\common\__lldiv.c estimated size: 164

C:\Program Files\Microchip\xc8\v3.00\pic\sources\c99\common\sprcdiv.c
		___fldiv       		CODE           	4548	0000	912

C:\Program Files\Microchip\xc8\v3.00\pic\sources\c99\common\sprcdiv.c estimated size: 912

shared
		_TEST_BLINK_INTERVAL		MEDIUMCONST    	0000	0000	0
		_L5            		MEDIUMCONST    	0000	0000	0
		_P3            		MEDIUMCONST    	0000	0000	0
		_L6            		MEDIUMCONST    	0000	0000	0
		_P4            		MEDIUMCONST    	0000	0000	0
		_P5            		MEDIUMCONST    	0000	0000	0
		_lg2_l         		MEDIUMCONST    	0000	0000	0
		_ivln2_l       		MEDIUMCONST    	0000	0000	0
		_ivln2         		MEDIUMCONST    	0000	0000	0
		__initialization		CODE           	6F1A	0000	68
		_bp            		MEDIUMCONST    	7E6B	0000	8
		_cp            		MEDIUMCONST    	0000	0000	0
		_TEST_DURATION 		MEDIUMCONST    	0000	0000	0
		_cp_h          		MEDIUMCONST    	0000	0000	0
		_dp_h          		MEDIUMCONST    	7E63	0000	8
		_lg2           		MEDIUMCONST    	0000	0000	0
		_lg2_h         		MEDIUMCONST    	0000	0000	0
		_ivln2_h       		MEDIUMCONST    	0000	0000	0
		_ovt           		MEDIUMCONST    	0000	0000	0
		_two24         		MEDIUMCONST    	0000	0000	0
		_cp_l          		MEDIUMCONST    	0000	0000	0
		_dp_l          		MEDIUMCONST    	7E5B	0000	8
		_L1            		MEDIUMCONST    	0000	0000	0
		_L2            		MEDIUMCONST    	0000	0000	0
		_L3            		MEDIUMCONST    	0000	0000	0
		_P1            		MEDIUMCONST    	0000	0000	0
		_L4            		MEDIUMCONST    	0000	0000	0
		_P2            		MEDIUMCONST    	0000	0000	0

shared estimated size: 92

C:\Program Files\Microchip\xc8\v3.00\pic\sources\c99\common\xxtofl.c
		___xxtofl      		CODE           	54CC	0000	436

C:\Program Files\Microchip\xc8\v3.00\pic\sources\c99\common\xxtofl.c estimated size: 436

C:\Program Files\Microchip\xc8\v3.00\pic\sources\c99\common\nf_fputs.c
		_fputs         		CODE           	70D0	0000	64

C:\Program Files\Microchip\xc8\v3.00\pic\sources\c99\common\nf_fputs.c estimated size: 64

C:\Program Files\Microchip\xc8\v3.00\pic\sources\c99\common\scalbnf.c
		_scalbnf       		CODE           	4EB2	0000	564

C:\Program Files\Microchip\xc8\v3.00\pic\sources\c99\common\scalbnf.c estimated size: 564

C:\Program Files\Microchip\xc8\v3.00\pic\sources\c99\common\strcpy.c
		_strcpy        		CODE           	7110	0000	56

C:\Program Files\Microchip\xc8\v3.00\pic\sources\c99\common\strcpy.c estimated size: 56

C:\Program Files\Microchip\xc8\v3.00\pic\sources\c99\common\powf.c
		_powf          		CODE           	0012	0000	9394

C:\Program Files\Microchip\xc8\v3.00\pic\sources\c99\common\powf.c estimated size: 9394

C:\Program Files\Microchip\xc8\v3.00\pic\sources\c99\common\sqrtf.c
		_sqrtf         		CODE           	416A	0000	990

C:\Program Files\Microchip\xc8\v3.00\pic\sources\c99\common\sqrtf.c estimated size: 990

C:\Program Files\Microchip\xc8\v3.00\pic\sources\c99\common\fltol.c
		___fltol       		CODE           	626E	0000	262

C:\Program Files\Microchip\xc8\v3.00\pic\sources\c99\common\fltol.c estimated size: 262

C:\Program Files\Microchip\xc8\v3.00\pic\sources\c99\common\labs.c
		_labs          		CODE           	6EC4	0000	86

C:\Program Files\Microchip\xc8\v3.00\pic\sources\c99\common\labs.c estimated size: 86

C:\Program Files\Microchip\xc8\v3.00\pic\sources\c99\common\aldiv.c
		___aldiv       		CODE           	6164	0000	266

C:\Program Files\Microchip\xc8\v3.00\pic\sources\c99\common\aldiv.c estimated size: 266

C:\Program Files\Microchip\xc8\v3.00\pic\sources\c99\common\doprnt.c
		_read_prec_or_width		CODE           	6A78	0000	172
		_vfpfcnvrt     		CODE           	2EB0	0000	1292
		_efgtoa        		CODE           	24C4	0000	2540
		_pad           		CODE           	6E5E	0000	102
		_dtoa          		CODE           	5680	0000	420
		_vfprintf      		CODE           	6FBC	0000	72
		_stoa          		CODE           	6478	0000	256
		_utoa          		CODE           	604C	0000	280

C:\Program Files\Microchip\xc8\v3.00\pic\sources\c99\common\doprnt.c estimated size: 5134

C:\Program Files\Microchip\xc8\v3.00\pic\sources\c99\common\sprcadd.c
		___flsub       		CODE           	7004	0000	70
		___fladd       		CODE           	388E	0000	1206

C:\Program Files\Microchip\xc8\v3.00\pic\sources\c99\common\sprcadd.c estimated size: 1276

